2026-09-29 18:18:55.668 INFO  DirsyncApplication:32 - Starting CMMP-DI DirSync Application...
2026-09-29 18:18:56.364 INFO  DirsyncApplication:54 - Starting DirsyncApplication using Java 25.0.2 with PID 54628 (C:\Users\simon\IdeaProjects\dirsync\target\classes started by simon in C:\Users\simon\IdeaProjects\dirsync)
2026-09-29 18:18:56.366 DEBUG DirsyncApplication:55 - Running with Spring Boot v4.0.2, Spring v7.0.3
2026-09-29 18:18:56.367 INFO  DirsyncApplication:652 - No active profile set, falling back to 1 default profile: "default"
2026-09-29 18:18:56.911 INFO  RepositoryConfigurationDelegate:145 - Bootstrapping Spring Data LDAP repositories in DEFAULT mode.
2026-09-29 18:18:56.935 INFO  RepositoryConfigurationDelegate:213 - Finished Spring Data repository scanning in 9 ms. Found 0 LDAP repository interfaces.
2026-09-29 18:18:57.090 INFO  RepositoryConfigurationDelegate:145 - Bootstrapping Spring Data LDAP repositories in DEFAULT mode.
2026-09-29 18:18:57.112 INFO  RepositoryConfigurationDelegate:213 - Finished Spring Data repository scanning in 20 ms. Found 0 LDAP repository interfaces.
2026-09-29 18:18:57.499 WARN  AnnotationConfigApplicationContext:628 - Exception encountered during context initialization - cancelling refresh attempt: org.springframework.beans.factory.UnsatisfiedDependencyException: Error creating bean with name 'CMMPLdapQueryService': Unsatisfied dependency expressed through field 'ldapTemplate': No qualifying bean of type 'org.springframework.ldap.core.LdapTemplate' available: expected at least 1 bean which qualifies as autowire candidate. Dependency annotations: {@org.springframework.beans.factory.annotation.Autowired(required=true), @org.springframework.beans.factory.annotation.Qualifier("cmmpLdapTemplate")}
2026-09-29 18:18:57.508 INFO  ConditionEvaluationReportLogger:82 - 

Error starting ApplicationContext. To display the condition evaluation report re-run your application with 'debug' enabled.
2026-09-29 18:18:57.529 ERROR LoggingFailureAnalysisReporter:40 - 

***************************
APPLICATION FAILED TO START
***************************

Description:

Field ldapTemplate in com.ctg.innovic.cmmpdi.dirsync.service.CMMPLdapQueryService required a bean of type 'org.springframework.ldap.core.LdapTemplate' that could not be found.

The injection point has the following annotations:
	- @org.springframework.beans.factory.annotation.Autowired(required=true)
	- @org.springframework.beans.factory.annotation.Qualifier("cmmpLdapTemplate")

The following candidates were found but could not be injected:
	- User-defined bean method 'ldapTemplate' in 'ApplicationConfig'


Action:

Consider revisiting the entries above or defining a bean of type 'org.springframework.ldap.core.LdapTemplate' in your configuration.

2026-09-29 18:22:16.497 INFO  DirsyncApplication:32 - Starting CMMP-DI DirSync Application...
2026-09-29 18:22:17.159 INFO  DirsyncApplication:54 - Starting DirsyncApplication using Java 25.0.2 with PID 30860 (C:\Users\simon\IdeaProjects\dirsync\target\classes started by simon in C:\Users\simon\IdeaProjects\dirsync)
2026-09-29 18:22:17.160 DEBUG DirsyncApplication:55 - Running with Spring Boot v4.0.2, Spring v7.0.3
2026-09-29 18:22:17.161 INFO  DirsyncApplication:652 - No active profile set, falling back to 1 default profile: "default"
2026-09-29 18:22:17.677 INFO  RepositoryConfigurationDelegate:145 - Bootstrapping Spring Data LDAP repositories in DEFAULT mode.
2026-09-29 18:22:17.698 INFO  RepositoryConfigurationDelegate:213 - Finished Spring Data repository scanning in 8 ms. Found 0 LDAP repository interfaces.
2026-09-29 18:22:17.836 INFO  RepositoryConfigurationDelegate:145 - Bootstrapping Spring Data LDAP repositories in DEFAULT mode.
2026-09-29 18:22:17.858 INFO  RepositoryConfigurationDelegate:213 - Finished Spring Data repository scanning in 20 ms. Found 0 LDAP repository interfaces.
2026-09-29 18:22:18.111 WARN  AnnotationConfigApplicationContext:628 - Exception encountered during context initialization - cancelling refresh attempt: org.springframework.beans.factory.UnsatisfiedDependencyException: Error creating bean with name 'CMMPDILdapCacheService': Unsatisfied dependency expressed through field 'ldapQueryService': Error creating bean with name 'CMMPDILdapQueryService': Unsatisfied dependency expressed through field 'ldapTemplate': No qualifying bean of type 'org.springframework.ldap.core.LdapTemplate' available: expected single matching bean but found 2: cmmpdiLdapTemplate,cmmpLdapTemplate
2026-09-29 18:22:18.118 INFO  ConditionEvaluationReportLogger:82 - 

Error starting ApplicationContext. To display the condition evaluation report re-run your application with 'debug' enabled.
2026-09-29 18:22:18.138 ERROR LoggingFailureAnalysisReporter:40 - 

***************************
APPLICATION FAILED TO START
***************************

Description:

Field ldapTemplate in com.ctg.innovic.cmmpdi.dirsync.service.CMMPDILdapQueryService required a single bean, but 2 were found:
	- cmmpdiLdapTemplate: defined by method 'cmmpdiLdapTemplate' in class path resource [com/ctg/innovic/cmmpdi/dirsync/config/ApplicationConfig.class]
	- cmmpLdapTemplate: defined by method 'cmmpLdapTemplate' in class path resource [com/ctg/innovic/cmmpdi/dirsync/config/ApplicationConfig.class]

This may be due to missing parameter name information

Action:

Consider marking one of the beans as @Primary, updating the consumer to accept multiple beans, or using @Qualifier to identify the bean that should be consumed

Ensure that your compiler is configured to use the '-parameters' flag.
You may need to update both your build tool settings as well as your IDE.
(See https://github.com/spring-projects/spring-framework/wiki/Spring-Framework-6.1-Release-Notes#parameter-name-retention)


2026-09-29 18:23:18.381 INFO  DirsyncApplication:32 - Starting CMMP-DI DirSync Application...
2026-09-29 18:23:19.038 INFO  DirsyncApplication:54 - Starting DirsyncApplication using Java 25.0.2 with PID 43276 (C:\Users\simon\IdeaProjects\dirsync\target\classes started by simon in C:\Users\simon\IdeaProjects\dirsync)
2026-09-29 18:23:19.039 DEBUG DirsyncApplication:55 - Running with Spring Boot v4.0.2, Spring v7.0.3
2026-09-29 18:23:19.040 INFO  DirsyncApplication:652 - No active profile set, falling back to 1 default profile: "default"
2026-09-29 18:23:19.602 INFO  RepositoryConfigurationDelegate:145 - Bootstrapping Spring Data LDAP repositories in DEFAULT mode.
2026-09-29 18:23:19.623 INFO  RepositoryConfigurationDelegate:213 - Finished Spring Data repository scanning in 9 ms. Found 0 LDAP repository interfaces.
2026-09-29 18:23:19.755 INFO  RepositoryConfigurationDelegate:145 - Bootstrapping Spring Data LDAP repositories in DEFAULT mode.
2026-09-29 18:23:19.778 INFO  RepositoryConfigurationDelegate:213 - Finished Spring Data repository scanning in 19 ms. Found 0 LDAP repository interfaces.
2026-09-29 18:23:20.099 WARN  AnnotationConfigApplicationContext:628 - Exception encountered during context initialization - cancelling refresh attempt: org.springframework.beans.factory.UnsatisfiedDependencyException: Error creating bean with name 'CMMPDILdapGroupService': Unsatisfied dependency expressed through field 'ldapTemplate': No qualifying bean of type 'org.springframework.ldap.core.LdapTemplate' available: expected single matching bean but found 2: cmmpdiLdapTemplate,cmmpLdapTemplate
2026-09-29 18:23:20.106 INFO  ConditionEvaluationReportLogger:82 - 

Error starting ApplicationContext. To display the condition evaluation report re-run your application with 'debug' enabled.
2026-09-29 18:23:20.127 ERROR LoggingFailureAnalysisReporter:40 - 

***************************
APPLICATION FAILED TO START
***************************

Description:

Field ldapTemplate in com.ctg.innovic.cmmpdi.dirsync.service.CMMPDILdapGroupService required a single bean, but 2 were found:
	- cmmpdiLdapTemplate: defined by method 'cmmpdiLdapTemplate' in class path resource [com/ctg/innovic/cmmpdi/dirsync/config/ApplicationConfig.class]
	- cmmpLdapTemplate: defined by method 'cmmpLdapTemplate' in class path resource [com/ctg/innovic/cmmpdi/dirsync/config/ApplicationConfig.class]

This may be due to missing parameter name information

Action:

Consider marking one of the beans as @Primary, updating the consumer to accept multiple beans, or using @Qualifier to identify the bean that should be consumed

Ensure that your compiler is configured to use the '-parameters' flag.
You may need to update both your build tool settings as well as your IDE.
(See https://github.com/spring-projects/spring-framework/wiki/Spring-Framework-6.1-Release-Notes#parameter-name-retention)


2026-09-29 18:23:51.524 INFO  DirsyncApplication:32 - Starting CMMP-DI DirSync Application...
2026-09-29 18:23:52.961 INFO  DirsyncApplication:54 - Starting DirsyncApplication using Java 25.0.2 with PID 64368 (C:\Users\simon\IdeaProjects\dirsync\target\classes started by simon in C:\Users\simon\IdeaProjects\dirsync)
2026-09-29 18:23:52.963 DEBUG DirsyncApplication:55 - Running with Spring Boot v4.0.2, Spring v7.0.3
2026-09-29 18:23:52.964 INFO  DirsyncApplication:652 - No active profile set, falling back to 1 default profile: "default"
2026-09-29 18:23:54.263 INFO  RepositoryConfigurationDelegate:145 - Bootstrapping Spring Data LDAP repositories in DEFAULT mode.
2026-09-29 18:23:54.318 INFO  RepositoryConfigurationDelegate:213 - Finished Spring Data repository scanning in 43 ms. Found 0 LDAP repository interfaces.
2026-09-29 18:23:54.601 INFO  RepositoryConfigurationDelegate:145 - Bootstrapping Spring Data LDAP repositories in DEFAULT mode.
2026-09-29 18:23:54.636 INFO  RepositoryConfigurationDelegate:213 - Finished Spring Data repository scanning in 33 ms. Found 0 LDAP repository interfaces.
2026-09-29 18:23:55.756 INFO  AbstractContextSource:419 - Property 'userDn' not set - anonymous context will be used for read-only operations
2026-09-29 18:23:55.834 INFO  DirsyncApplication:60 - Started DirsyncApplication in 4.009 seconds (process running for 6.864)
2026-09-29 18:23:56.046 INFO  RepositoryConfigurationDelegate:145 - Bootstrapping Spring Data LDAP repositories in DEFAULT mode.
2026-09-29 18:23:56.052 INFO  RepositoryConfigurationDelegate:213 - Finished Spring Data repository scanning in 2 ms. Found 0 LDAP repository interfaces.
2026-09-29 18:23:56.082 INFO  RepositoryConfigurationDelegate:145 - Bootstrapping Spring Data LDAP repositories in DEFAULT mode.
2026-09-29 18:23:56.094 INFO  RepositoryConfigurationDelegate:213 - Finished Spring Data repository scanning in 9 ms. Found 0 LDAP repository interfaces.
2026-09-29 18:23:56.166 INFO  AbstractContextSource:419 - Property 'userDn' not set - anonymous context will be used for read-only operations
2026-09-29 18:23:56.304 INFO  RepositoryConfigurationDelegate:145 - Bootstrapping Spring Data LDAP repositories in DEFAULT mode.
2026-09-29 18:23:56.308 INFO  RepositoryConfigurationDelegate:213 - Finished Spring Data repository scanning in 3 ms. Found 0 LDAP repository interfaces.
2026-09-29 18:23:56.334 INFO  RepositoryConfigurationDelegate:145 - Bootstrapping Spring Data LDAP repositories in DEFAULT mode.
2026-09-29 18:23:56.342 INFO  RepositoryConfigurationDelegate:213 - Finished Spring Data repository scanning in 7 ms. Found 0 LDAP repository interfaces.
2026-09-29 18:23:56.403 INFO  AbstractContextSource:419 - Property 'userDn' not set - anonymous context will be used for read-only operations
2026-09-29 18:31:16.969 INFO  DirsyncApplication:32 - Starting CMMP-DI DirSync Application...
2026-09-29 18:31:17.704 INFO  DirsyncApplication:54 - Starting DirsyncApplication using Java 25.0.2 with PID 61648 (C:\Users\simon\IdeaProjects\dirsync\target\classes started by simon in C:\Users\simon\IdeaProjects\dirsync)
2026-09-29 18:31:17.705 DEBUG DirsyncApplication:55 - Running with Spring Boot v4.0.2, Spring v7.0.3
2026-09-29 18:31:17.707 INFO  DirsyncApplication:652 - No active profile set, falling back to 1 default profile: "default"
2026-09-29 18:31:18.318 INFO  RepositoryConfigurationDelegate:145 - Bootstrapping Spring Data LDAP repositories in DEFAULT mode.
2026-09-29 18:31:18.341 INFO  RepositoryConfigurationDelegate:213 - Finished Spring Data repository scanning in 9 ms. Found 0 LDAP repository interfaces.
2026-09-29 18:31:18.533 INFO  RepositoryConfigurationDelegate:145 - Bootstrapping Spring Data LDAP repositories in DEFAULT mode.
2026-09-29 18:31:18.569 INFO  RepositoryConfigurationDelegate:213 - Finished Spring Data repository scanning in 34 ms. Found 0 LDAP repository interfaces.
2026-09-29 18:31:19.103 INFO  AbstractContextSource:419 - Property 'userDn' not set - anonymous context will be used for read-only operations
2026-09-29 18:31:19.139 INFO  DirsyncApplication:60 - Started DirsyncApplication in 1.989 seconds (process running for 3.409)
2026-09-29 18:31:19.295 INFO  RepositoryConfigurationDelegate:145 - Bootstrapping Spring Data LDAP repositories in DEFAULT mode.
2026-09-29 18:31:19.300 INFO  RepositoryConfigurationDelegate:213 - Finished Spring Data repository scanning in 2 ms. Found 0 LDAP repository interfaces.
2026-09-29 18:31:19.316 INFO  RepositoryConfigurationDelegate:145 - Bootstrapping Spring Data LDAP repositories in DEFAULT mode.
2026-09-29 18:31:19.332 INFO  RepositoryConfigurationDelegate:213 - Finished Spring Data repository scanning in 10 ms. Found 0 LDAP repository interfaces.
2026-09-29 18:31:19.410 INFO  AbstractContextSource:419 - Property 'userDn' not set - anonymous context will be used for read-only operations
2026-09-29 18:31:19.420 INFO  TaskDispatcherRunner:26 - Hello World
2026-09-29 18:31:19.424 INFO  TaskDispatcherRunner:27 - ApplicationArguments %s
2026-09-29 18:31:19.602 INFO  RepositoryConfigurationDelegate:145 - Bootstrapping Spring Data LDAP repositories in DEFAULT mode.
2026-09-29 18:31:19.614 INFO  RepositoryConfigurationDelegate:213 - Finished Spring Data repository scanning in 5 ms. Found 0 LDAP repository interfaces.
2026-09-29 18:31:19.634 INFO  RepositoryConfigurationDelegate:145 - Bootstrapping Spring Data LDAP repositories in DEFAULT mode.
2026-09-29 18:31:19.650 INFO  RepositoryConfigurationDelegate:213 - Finished Spring Data repository scanning in 9 ms. Found 0 LDAP repository interfaces.
2026-09-29 18:31:19.714 INFO  AbstractContextSource:419 - Property 'userDn' not set - anonymous context will be used for read-only operations
2026-09-29 18:31:55.673 INFO  DirsyncApplication:32 - Starting CMMP-DI DirSync Application...
2026-09-29 18:31:56.268 INFO  DirsyncApplication:54 - Starting DirsyncApplication using Java 25.0.2 with PID 64104 (C:\Users\simon\IdeaProjects\dirsync\target\classes started by simon in C:\Users\simon\IdeaProjects\dirsync)
2026-09-29 18:31:56.269 DEBUG DirsyncApplication:55 - Running with Spring Boot v4.0.2, Spring v7.0.3
2026-09-29 18:31:56.270 INFO  DirsyncApplication:652 - No active profile set, falling back to 1 default profile: "default"
2026-09-29 18:31:56.741 INFO  RepositoryConfigurationDelegate:145 - Bootstrapping Spring Data LDAP repositories in DEFAULT mode.
2026-09-29 18:31:56.759 INFO  RepositoryConfigurationDelegate:213 - Finished Spring Data repository scanning in 8 ms. Found 0 LDAP repository interfaces.
2026-09-29 18:31:56.891 INFO  RepositoryConfigurationDelegate:145 - Bootstrapping Spring Data LDAP repositories in DEFAULT mode.
2026-09-29 18:31:56.915 INFO  RepositoryConfigurationDelegate:213 - Finished Spring Data repository scanning in 22 ms. Found 0 LDAP repository interfaces.
2026-09-29 18:31:57.367 INFO  AbstractContextSource:419 - Property 'userDn' not set - anonymous context will be used for read-only operations
2026-09-29 18:31:57.401 INFO  DirsyncApplication:60 - Started DirsyncApplication in 1.589 seconds (process running for 2.779)
2026-09-29 18:31:57.570 INFO  RepositoryConfigurationDelegate:145 - Bootstrapping Spring Data LDAP repositories in DEFAULT mode.
2026-09-29 18:31:57.575 INFO  RepositoryConfigurationDelegate:213 - Finished Spring Data repository scanning in 3 ms. Found 0 LDAP repository interfaces.
2026-09-29 18:31:57.600 INFO  RepositoryConfigurationDelegate:145 - Bootstrapping Spring Data LDAP repositories in DEFAULT mode.
2026-09-29 18:31:57.612 INFO  RepositoryConfigurationDelegate:213 - Finished Spring Data repository scanning in 8 ms. Found 0 LDAP repository interfaces.
2026-09-29 18:31:57.673 INFO  AbstractContextSource:419 - Property 'userDn' not set - anonymous context will be used for read-only operations
2026-09-29 18:31:57.682 INFO  TaskDispatcherRunner:26 - Hello World
2026-09-29 18:31:57.682 INFO  TaskDispatcherRunner:27 - ApplicationArguments org.springframework.boot.DefaultApplicationArguments@53d13cd4
2026-09-29 18:31:57.809 INFO  RepositoryConfigurationDelegate:145 - Bootstrapping Spring Data LDAP repositories in DEFAULT mode.
2026-09-29 18:31:57.813 INFO  RepositoryConfigurationDelegate:213 - Finished Spring Data repository scanning in 2 ms. Found 0 LDAP repository interfaces.
2026-09-29 18:31:57.833 INFO  RepositoryConfigurationDelegate:145 - Bootstrapping Spring Data LDAP repositories in DEFAULT mode.
2026-09-29 18:31:57.844 INFO  RepositoryConfigurationDelegate:213 - Finished Spring Data repository scanning in 8 ms. Found 0 LDAP repository interfaces.
2026-09-29 18:31:57.920 INFO  AbstractContextSource:419 - Property 'userDn' not set - anonymous context will be used for read-only operations
2026-09-29 18:32:10.536 INFO  DirsyncApplication:32 - Starting CMMP-DI DirSync Application...
2026-09-29 18:32:11.112 INFO  DirsyncApplication:54 - Starting DirsyncApplication using Java 25.0.2 with PID 60348 (C:\Users\simon\IdeaProjects\dirsync\target\classes started by simon in C:\Users\simon\IdeaProjects\dirsync)
2026-09-29 18:32:11.113 DEBUG DirsyncApplication:55 - Running with Spring Boot v4.0.2, Spring v7.0.3
2026-09-29 18:32:11.114 INFO  DirsyncApplication:652 - No active profile set, falling back to 1 default profile: "default"
2026-09-29 18:32:11.625 INFO  RepositoryConfigurationDelegate:145 - Bootstrapping Spring Data LDAP repositories in DEFAULT mode.
2026-09-29 18:32:11.645 INFO  RepositoryConfigurationDelegate:213 - Finished Spring Data repository scanning in 9 ms. Found 0 LDAP repository interfaces.
2026-09-29 18:32:11.796 INFO  RepositoryConfigurationDelegate:145 - Bootstrapping Spring Data LDAP repositories in DEFAULT mode.
2026-09-29 18:32:11.823 INFO  RepositoryConfigurationDelegate:213 - Finished Spring Data repository scanning in 25 ms. Found 0 LDAP repository interfaces.
2026-09-29 18:32:12.281 INFO  AbstractContextSource:419 - Property 'userDn' not set - anonymous context will be used for read-only operations
2026-09-29 18:32:12.320 INFO  DirsyncApplication:60 - Started DirsyncApplication in 1.659 seconds (process running for 2.813)
2026-09-29 18:32:12.485 INFO  RepositoryConfigurationDelegate:145 - Bootstrapping Spring Data LDAP repositories in DEFAULT mode.
2026-09-29 18:32:12.494 INFO  RepositoryConfigurationDelegate:213 - Finished Spring Data repository scanning in 4 ms. Found 0 LDAP repository interfaces.
2026-09-29 18:32:12.521 INFO  RepositoryConfigurationDelegate:145 - Bootstrapping Spring Data LDAP repositories in DEFAULT mode.
2026-09-29 18:32:12.534 INFO  RepositoryConfigurationDelegate:213 - Finished Spring Data repository scanning in 9 ms. Found 0 LDAP repository interfaces.
2026-09-29 18:32:12.613 INFO  AbstractContextSource:419 - Property 'userDn' not set - anonymous context will be used for read-only operations
2026-09-29 18:32:12.626 INFO  TaskDispatcherRunner:26 - Hello World
2026-09-29 18:32:12.627 INFO  TaskDispatcherRunner:27 - ApplicationArguments org.springframework.boot.DefaultApplicationArguments@4d18b73a
2026-09-29 18:32:12.796 INFO  RepositoryConfigurationDelegate:145 - Bootstrapping Spring Data LDAP repositories in DEFAULT mode.
2026-09-29 18:32:12.803 INFO  RepositoryConfigurationDelegate:213 - Finished Spring Data repository scanning in 4 ms. Found 0 LDAP repository interfaces.
2026-09-29 18:32:12.832 INFO  RepositoryConfigurationDelegate:145 - Bootstrapping Spring Data LDAP repositories in DEFAULT mode.
2026-09-29 18:32:12.845 INFO  RepositoryConfigurationDelegate:213 - Finished Spring Data repository scanning in 9 ms. Found 0 LDAP repository interfaces.
2026-09-29 18:32:12.920 INFO  AbstractContextSource:419 - Property 'userDn' not set - anonymous context will be used for read-only operations
2026-09-29 18:39:45.086 INFO  DirsyncApplication:32 - Starting CMMP-DI DirSync Application...
2026-09-29 18:39:45.877 INFO  DirsyncApplication:54 - Starting DirsyncApplication using Java 25.0.2 with PID 3552 (C:\Users\simon\IdeaProjects\dirsync\target\classes started by simon in C:\Users\simon\IdeaProjects\dirsync)
2026-09-29 18:39:45.878 DEBUG DirsyncApplication:55 - Running with Spring Boot v4.0.2, Spring v7.0.3
2026-09-29 18:39:45.879 INFO  DirsyncApplication:652 - No active profile set, falling back to 1 default profile: "default"
2026-09-29 18:39:46.466 INFO  RepositoryConfigurationDelegate:145 - Bootstrapping Spring Data LDAP repositories in DEFAULT mode.
2026-09-29 18:39:46.488 INFO  RepositoryConfigurationDelegate:213 - Finished Spring Data repository scanning in 8 ms. Found 0 LDAP repository interfaces.
2026-09-29 18:39:46.629 INFO  RepositoryConfigurationDelegate:145 - Bootstrapping Spring Data LDAP repositories in DEFAULT mode.
2026-09-29 18:39:46.655 INFO  RepositoryConfigurationDelegate:213 - Finished Spring Data repository scanning in 21 ms. Found 0 LDAP repository interfaces.
2026-09-29 18:39:47.149 INFO  AbstractContextSource:419 - Property 'userDn' not set - anonymous context will be used for read-only operations
2026-09-29 18:39:47.188 INFO  DirsyncApplication:60 - Started DirsyncApplication in 1.941 seconds (process running for 3.523)
2026-09-29 18:39:47.193 INFO  ConsolidateWGDRunner:28 - Processing WGD consolidation process...
2026-09-29 18:39:47.194 INFO  ConsolidateWGDRunner:31 - ou=ou=users,dc=example,dc=com
2026-09-29 18:39:47.194 INFO  ConsolidateWGDRunner:31 - ou=ou=contractors,dc=example,dc=com
2026-09-29 18:39:47.194 INFO  ConsolidateWGDRunner:31 - ou=ou=service-accounts,dc=example,dc=com
2026-09-29 18:39:47.374 INFO  RepositoryConfigurationDelegate:145 - Bootstrapping Spring Data LDAP repositories in DEFAULT mode.
2026-09-29 18:39:47.381 INFO  RepositoryConfigurationDelegate:213 - Finished Spring Data repository scanning in 3 ms. Found 0 LDAP repository interfaces.
2026-09-29 18:39:47.408 INFO  RepositoryConfigurationDelegate:145 - Bootstrapping Spring Data LDAP repositories in DEFAULT mode.
2026-09-29 18:39:47.421 INFO  RepositoryConfigurationDelegate:213 - Finished Spring Data repository scanning in 10 ms. Found 0 LDAP repository interfaces.
2026-09-29 18:39:47.527 INFO  AbstractContextSource:419 - Property 'userDn' not set - anonymous context will be used for read-only operations
