2026-09-13 16:14:45.395 INFO  DirsyncApplication:29 - Starting CMMP-DI DirSync Application...
2026-09-13 16:14:45.993 INFO  DirsyncApplication:54 - Starting DirsyncApplication using Java 25.0.2 with PID 6204 (C:\Users\simon\IdeaProjects\dirsync\target\classes started by simon in C:\Users\simon\IdeaProjects\dirsync)
2026-09-13 16:14:45.994 DEBUG DirsyncApplication:55 - Running with Spring Boot v4.0.2, Spring v7.0.3
2026-09-13 16:14:45.994 INFO  DirsyncApplication:652 - No active profile set, falling back to 1 default profile: "default"
2026-09-13 16:14:46.437 INFO  RepositoryConfigurationDelegate:145 - Bootstrapping Spring Data LDAP repositories in DEFAULT mode.
2026-09-13 16:14:46.456 INFO  RepositoryConfigurationDelegate:213 - Finished Spring Data repository scanning in 7 ms. Found 0 LDAP repository interfaces.
2026-09-13 16:14:46.574 INFO  RepositoryConfigurationDelegate:145 - Bootstrapping Spring Data LDAP repositories in DEFAULT mode.
2026-09-13 16:14:46.591 INFO  RepositoryConfigurationDelegate:213 - Finished Spring Data repository scanning in 15 ms. Found 0 LDAP repository interfaces.
2026-09-13 16:14:46.955 INFO  AbstractContextSource:419 - Property 'userDn' not set - anonymous context will be used for read-only operations
2026-09-13 16:14:46.982 INFO  DirsyncApplication:60 - Started DirsyncApplication in 1.464 seconds (process running for 2.588)
2026-09-13 16:14:47.111 INFO  RepositoryConfigurationDelegate:145 - Bootstrapping Spring Data LDAP repositories in DEFAULT mode.
2026-09-13 16:14:47.115 INFO  RepositoryConfigurationDelegate:213 - Finished Spring Data repository scanning in 2 ms. Found 0 LDAP repository interfaces.
2026-09-13 16:14:47.134 INFO  RepositoryConfigurationDelegate:145 - Bootstrapping Spring Data LDAP repositories in DEFAULT mode.
2026-09-13 16:14:47.142 INFO  RepositoryConfigurationDelegate:213 - Finished Spring Data repository scanning in 7 ms. Found 0 LDAP repository interfaces.
2026-09-13 16:14:47.195 INFO  AbstractContextSource:419 - Property 'userDn' not set - anonymous context will be used for read-only operations
2026-09-13 16:14:47.209 DEBUG LdapCacheService:50 - Entering com.ctg.innovic.cmmpdi.dirsync.service.CMMPDILdapCacheService.initCMMPDI
2026-09-13 16:14:47.209 INFO  LdapCacheService:52 - Initialising CMMP-DI users...
2026-09-13 16:14:47.210 DEBUG CMMPDILdapQueryService:50 - Entering com.ctg.innovic.cmmpdi.dirsync.service.CMMPDILdapQueryService.listUsers
2026-09-13 16:15:02.274 INFO  LdapCacheService:62 - 10271 user entries had been initialised...
2026-09-13 16:15:02.275 INFO  LdapCacheService:64 - Initialising CMMP-DI groups...
2026-09-13 16:15:02.276 DEBUG CMMPDILdapQueryService:68 - Entering com.ctg.innovic.cmmpdi.dirsync.service.CMMPDILdapQueryService.listGroups
2026-09-13 16:15:04.102 INFO  LdapCacheService:74 - 10032 group entries had been initialised...
2026-09-13 16:15:04.103 DEBUG CMMPDILdapGroupService:94 - Entering com.ctg.innovic.cmmpdi.dirsync.service.CMMPDILdapGroupService.getMemberListBasedOnCMMPOfDI
2026-09-13 16:17:55.257 INFO  DirsyncApplication:29 - Starting CMMP-DI DirSync Application...
2026-09-13 16:17:55.842 INFO  DirsyncApplication:54 - Starting DirsyncApplication using Java 25.0.2 with PID 36312 (C:\Users\simon\IdeaProjects\dirsync\target\classes started by simon in C:\Users\simon\IdeaProjects\dirsync)
2026-09-13 16:17:55.843 DEBUG DirsyncApplication:55 - Running with Spring Boot v4.0.2, Spring v7.0.3
2026-09-13 16:17:55.844 INFO  DirsyncApplication:652 - No active profile set, falling back to 1 default profile: "default"
2026-09-13 16:17:56.278 INFO  RepositoryConfigurationDelegate:145 - Bootstrapping Spring Data LDAP repositories in DEFAULT mode.
2026-09-13 16:17:56.299 INFO  RepositoryConfigurationDelegate:213 - Finished Spring Data repository scanning in 8 ms. Found 0 LDAP repository interfaces.
2026-09-13 16:17:56.421 INFO  RepositoryConfigurationDelegate:145 - Bootstrapping Spring Data LDAP repositories in DEFAULT mode.
2026-09-13 16:17:56.440 INFO  RepositoryConfigurationDelegate:213 - Finished Spring Data repository scanning in 17 ms. Found 0 LDAP repository interfaces.
2026-09-13 16:17:56.783 INFO  AbstractContextSource:419 - Property 'userDn' not set - anonymous context will be used for read-only operations
2026-09-13 16:17:56.809 INFO  DirsyncApplication:60 - Started DirsyncApplication in 1.426 seconds (process running for 2.587)
2026-09-13 16:17:56.930 INFO  RepositoryConfigurationDelegate:145 - Bootstrapping Spring Data LDAP repositories in DEFAULT mode.
2026-09-13 16:17:56.934 INFO  RepositoryConfigurationDelegate:213 - Finished Spring Data repository scanning in 2 ms. Found 0 LDAP repository interfaces.
2026-09-13 16:17:56.953 INFO  RepositoryConfigurationDelegate:145 - Bootstrapping Spring Data LDAP repositories in DEFAULT mode.
2026-09-13 16:17:56.963 INFO  RepositoryConfigurationDelegate:213 - Finished Spring Data repository scanning in 7 ms. Found 0 LDAP repository interfaces.
2026-09-13 16:17:57.018 INFO  AbstractContextSource:419 - Property 'userDn' not set - anonymous context will be used for read-only operations
2026-09-13 16:17:57.031 DEBUG LdapCacheService:50 - Entering com.ctg.innovic.cmmpdi.dirsync.service.CMMPDILdapCacheService.initCMMPDI
2026-09-13 16:17:57.031 INFO  LdapCacheService:52 - Initialising CMMP-DI users...
2026-09-13 16:17:57.031 DEBUG CMMPDILdapQueryService:50 - Entering com.ctg.innovic.cmmpdi.dirsync.service.CMMPDILdapQueryService.listUsers
2026-09-13 16:18:11.584 INFO  LdapCacheService:62 - 10271 user entries had been initialised...
2026-09-13 16:18:11.586 INFO  LdapCacheService:64 - Initialising CMMP-DI groups...
2026-09-13 16:18:11.586 DEBUG CMMPDILdapQueryService:68 - Entering com.ctg.innovic.cmmpdi.dirsync.service.CMMPDILdapQueryService.listGroups
2026-09-13 16:18:13.878 INFO  LdapCacheService:74 - 10032 group entries had been initialised...
2026-09-13 16:18:13.879 DEBUG CMMPDILdapGroupService:94 - Entering com.ctg.innovic.cmmpdi.dirsync.service.CMMPDILdapGroupService.getMemberListBasedOnCMMPOfDI
2026-09-13 16:19:31.479 INFO  DirsyncApplication:31 - Starting CMMP-DI DirSync Application...
2026-09-13 16:19:31.943 INFO  DirsyncApplication:54 - Starting DirsyncApplication using Java 25.0.2 with PID 7872 (C:\Users\simon\IdeaProjects\dirsync\target\classes started by simon in C:\Users\simon\IdeaProjects\dirsync)
2026-09-13 16:19:31.945 DEBUG DirsyncApplication:55 - Running with Spring Boot v4.0.2, Spring v7.0.3
2026-09-13 16:19:31.946 INFO  DirsyncApplication:652 - No active profile set, falling back to 1 default profile: "default"
2026-09-13 16:19:32.301 INFO  RepositoryConfigurationDelegate:145 - Bootstrapping Spring Data LDAP repositories in DEFAULT mode.
2026-09-13 16:19:32.318 INFO  RepositoryConfigurationDelegate:213 - Finished Spring Data repository scanning in 6 ms. Found 0 LDAP repository interfaces.
2026-09-13 16:19:32.414 INFO  RepositoryConfigurationDelegate:145 - Bootstrapping Spring Data LDAP repositories in DEFAULT mode.
2026-09-13 16:19:32.431 INFO  RepositoryConfigurationDelegate:213 - Finished Spring Data repository scanning in 14 ms. Found 0 LDAP repository interfaces.
2026-09-13 16:19:32.738 INFO  AbstractContextSource:419 - Property 'userDn' not set - anonymous context will be used for read-only operations
2026-09-13 16:19:32.766 INFO  DirsyncApplication:60 - Started DirsyncApplication in 1.203 seconds (process running for 2.152)
2026-09-13 16:19:32.883 INFO  RepositoryConfigurationDelegate:145 - Bootstrapping Spring Data LDAP repositories in DEFAULT mode.
2026-09-13 16:19:32.887 INFO  RepositoryConfigurationDelegate:213 - Finished Spring Data repository scanning in 2 ms. Found 0 LDAP repository interfaces.
2026-09-13 16:19:32.906 INFO  RepositoryConfigurationDelegate:145 - Bootstrapping Spring Data LDAP repositories in DEFAULT mode.
2026-09-13 16:19:32.914 INFO  RepositoryConfigurationDelegate:213 - Finished Spring Data repository scanning in 7 ms. Found 0 LDAP repository interfaces.
2026-09-13 16:19:32.961 INFO  AbstractContextSource:419 - Property 'userDn' not set - anonymous context will be used for read-only operations
2026-09-13 16:19:32.973 DEBUG LdapCacheService:50 - Entering com.ctg.innovic.cmmpdi.dirsync.service.CMMPDILdapCacheService.initCMMPDI
2026-09-13 16:19:32.973 INFO  LdapCacheService:52 - Initialising CMMP-DI users...
2026-09-13 16:19:32.974 DEBUG CMMPDILdapQueryService:50 - Entering com.ctg.innovic.cmmpdi.dirsync.service.CMMPDILdapQueryService.listUsers
2026-09-13 16:19:46.934 INFO  LdapCacheService:62 - 10271 user entries had been initialised...
2026-09-13 16:19:46.934 INFO  LdapCacheService:64 - Initialising CMMP-DI groups...
2026-09-13 16:19:46.935 DEBUG CMMPDILdapQueryService:68 - Entering com.ctg.innovic.cmmpdi.dirsync.service.CMMPDILdapQueryService.listGroups
2026-09-13 16:19:49.062 INFO  LdapCacheService:74 - 10032 group entries had been initialised...
2026-09-13 16:19:49.063 DEBUG CMMPDILdapGroupService:94 - Entering com.ctg.innovic.cmmpdi.dirsync.service.CMMPDILdapGroupService.getMemberListBasedOnCMMPOfDI
2026-09-13 16:19:49.066 DEBUG DirsyncApplication:120 - _name = CN=a1chanchansitcmmpdi,OU=User,OU=SITCHAN,OU=BDO,OU=CMMPDI-BDOs
2026-09-13 16:21:49.869 INFO  DirsyncApplication:31 - Starting CMMP-DI DirSync Application...
2026-09-13 16:21:50.363 INFO  DirsyncApplication:54 - Starting DirsyncApplication using Java 25.0.2 with PID 18868 (C:\Users\simon\IdeaProjects\dirsync\target\classes started by simon in C:\Users\simon\IdeaProjects\dirsync)
2026-09-13 16:21:50.363 DEBUG DirsyncApplication:55 - Running with Spring Boot v4.0.2, Spring v7.0.3
2026-09-13 16:21:50.364 INFO  DirsyncApplication:652 - No active profile set, falling back to 1 default profile: "default"
2026-09-13 16:21:50.745 INFO  RepositoryConfigurationDelegate:145 - Bootstrapping Spring Data LDAP repositories in DEFAULT mode.
2026-09-13 16:21:50.761 INFO  RepositoryConfigurationDelegate:213 - Finished Spring Data repository scanning in 7 ms. Found 0 LDAP repository interfaces.
2026-09-13 16:21:50.864 INFO  RepositoryConfigurationDelegate:145 - Bootstrapping Spring Data LDAP repositories in DEFAULT mode.
2026-09-13 16:21:50.883 INFO  RepositoryConfigurationDelegate:213 - Finished Spring Data repository scanning in 16 ms. Found 0 LDAP repository interfaces.
2026-09-13 16:21:51.202 INFO  AbstractContextSource:419 - Property 'userDn' not set - anonymous context will be used for read-only operations
2026-09-13 16:21:51.230 INFO  DirsyncApplication:60 - Started DirsyncApplication in 1.267 seconds (process running for 2.309)
2026-09-13 16:21:51.336 INFO  RepositoryConfigurationDelegate:145 - Bootstrapping Spring Data LDAP repositories in DEFAULT mode.
2026-09-13 16:21:51.340 INFO  RepositoryConfigurationDelegate:213 - Finished Spring Data repository scanning in 1 ms. Found 0 LDAP repository interfaces.
2026-09-13 16:21:51.356 INFO  RepositoryConfigurationDelegate:145 - Bootstrapping Spring Data LDAP repositories in DEFAULT mode.
2026-09-13 16:21:51.364 INFO  RepositoryConfigurationDelegate:213 - Finished Spring Data repository scanning in 5 ms. Found 0 LDAP repository interfaces.
2026-09-13 16:21:51.409 INFO  AbstractContextSource:419 - Property 'userDn' not set - anonymous context will be used for read-only operations
2026-09-13 16:21:51.421 DEBUG LdapCacheService:50 - Entering com.ctg.innovic.cmmpdi.dirsync.service.CMMPDILdapCacheService.initCMMPDI
2026-09-13 16:21:51.421 INFO  LdapCacheService:52 - Initialising CMMP-DI users...
2026-09-13 16:21:51.423 DEBUG CMMPDILdapQueryService:50 - Entering com.ctg.innovic.cmmpdi.dirsync.service.CMMPDILdapQueryService.listUsers
2026-09-13 16:22:05.894 INFO  LdapCacheService:62 - 10271 user entries had been initialised...
2026-09-13 16:22:05.896 INFO  LdapCacheService:64 - Initialising CMMP-DI groups...
2026-09-13 16:22:05.896 DEBUG CMMPDILdapQueryService:68 - Entering com.ctg.innovic.cmmpdi.dirsync.service.CMMPDILdapQueryService.listGroups
2026-09-13 16:22:08.209 INFO  LdapCacheService:74 - 10032 group entries had been initialised...
2026-09-13 16:22:08.210 DEBUG CMMPDILdapGroupService:94 - Entering com.ctg.innovic.cmmpdi.dirsync.service.CMMPDILdapGroupService.getMemberListBasedOnCMMPOfDI
2026-09-13 16:22:08.214 DEBUG DirsyncApplication:122 - _name = CN=a1chanchansitcmmpdi,OU=User,OU=SITCHAN,OU=BDO,OU=CMMPDI-BDOs
2026-09-13 16:22:08.215 DEBUG DirsyncApplication:122 - _name = CN=revhohouatcmmpdi,OU=User,OU=UATHO,OU=BDO,OU=CMMPDI-BDOs
2026-09-13 16:39:34.348 INFO  DirsyncApplication:31 - Starting CMMP-DI DirSync Application...
2026-09-13 16:39:34.854 INFO  DirsyncApplication:54 - Starting DirsyncApplication using Java 25.0.2 with PID 36904 (C:\Users\simon\IdeaProjects\dirsync\target\classes started by simon in C:\Users\simon\IdeaProjects\dirsync)
2026-09-13 16:39:34.855 DEBUG DirsyncApplication:55 - Running with Spring Boot v4.0.2, Spring v7.0.3
2026-09-13 16:39:34.855 INFO  DirsyncApplication:652 - No active profile set, falling back to 1 default profile: "default"
2026-09-13 16:39:35.239 INFO  RepositoryConfigurationDelegate:145 - Bootstrapping Spring Data LDAP repositories in DEFAULT mode.
2026-09-13 16:39:35.256 INFO  RepositoryConfigurationDelegate:213 - Finished Spring Data repository scanning in 6 ms. Found 0 LDAP repository interfaces.
2026-09-13 16:39:35.359 INFO  RepositoryConfigurationDelegate:145 - Bootstrapping Spring Data LDAP repositories in DEFAULT mode.
2026-09-13 16:39:35.376 INFO  RepositoryConfigurationDelegate:213 - Finished Spring Data repository scanning in 15 ms. Found 0 LDAP repository interfaces.
2026-09-13 16:39:35.700 INFO  AbstractContextSource:419 - Property 'userDn' not set - anonymous context will be used for read-only operations
2026-09-13 16:39:35.728 INFO  DirsyncApplication:60 - Started DirsyncApplication in 1.282 seconds (process running for 2.27)
2026-09-13 16:39:35.839 INFO  RepositoryConfigurationDelegate:145 - Bootstrapping Spring Data LDAP repositories in DEFAULT mode.
2026-09-13 16:39:35.843 INFO  RepositoryConfigurationDelegate:213 - Finished Spring Data repository scanning in 2 ms. Found 0 LDAP repository interfaces.
2026-09-13 16:39:35.859 INFO  RepositoryConfigurationDelegate:145 - Bootstrapping Spring Data LDAP repositories in DEFAULT mode.
2026-09-13 16:39:35.866 INFO  RepositoryConfigurationDelegate:213 - Finished Spring Data repository scanning in 5 ms. Found 0 LDAP repository interfaces.
2026-09-13 16:39:35.914 INFO  AbstractContextSource:419 - Property 'userDn' not set - anonymous context will be used for read-only operations
2026-09-13 16:39:35.926 DEBUG LdapCacheService:50 - Entering com.ctg.innovic.cmmpdi.dirsync.service.CMMPDILdapCacheService.initCMMPDI
2026-09-13 16:39:35.926 INFO  LdapCacheService:52 - Initialising CMMP-DI users...
2026-09-13 16:39:35.926 DEBUG CMMPDILdapQueryService:50 - Entering com.ctg.innovic.cmmpdi.dirsync.service.CMMPDILdapQueryService.listUsers
2026-09-13 16:39:50.564 INFO  LdapCacheService:62 - 10271 user entries had been initialised...
2026-09-13 16:39:50.565 INFO  LdapCacheService:64 - Initialising CMMP-DI groups...
2026-09-13 16:39:50.565 DEBUG CMMPDILdapQueryService:68 - Entering com.ctg.innovic.cmmpdi.dirsync.service.CMMPDILdapQueryService.listGroups
2026-09-13 16:39:52.938 INFO  LdapCacheService:74 - 10032 group entries had been initialised...
2026-09-13 16:39:52.939 DEBUG CMMPDILdapGroupService:99 - Entering com.ctg.innovic.cmmpdi.dirsync.service.CMMPDILdapGroupService.getMemberListBasedOnCMMPOfDI
2026-09-13 16:39:52.941 DEBUG DirsyncApplication:121 - _name = CN=a1chanchansitcmmpdi,OU=User,OU=SITCHAN,OU=BDO,OU=CMMPDI-BDOs
2026-09-13 16:39:52.941 DEBUG DirsyncApplication:121 - _name = CN=revhohouatcmmpdi,OU=User,OU=UATHO,OU=BDO,OU=CMMPDI-BDOs
2026-09-13 16:43:13.679 INFO  DirsyncApplication:31 - Starting CMMP-DI DirSync Application...
2026-09-13 16:43:14.171 INFO  DirsyncApplication:54 - Starting DirsyncApplication using Java 25.0.2 with PID 20916 (C:\Users\simon\IdeaProjects\dirsync\target\classes started by simon in C:\Users\simon\IdeaProjects\dirsync)
2026-09-13 16:43:14.171 DEBUG DirsyncApplication:55 - Running with Spring Boot v4.0.2, Spring v7.0.3
2026-09-13 16:43:14.172 INFO  DirsyncApplication:652 - No active profile set, falling back to 1 default profile: "default"
2026-09-13 16:43:14.569 INFO  RepositoryConfigurationDelegate:145 - Bootstrapping Spring Data LDAP repositories in DEFAULT mode.
2026-09-13 16:43:14.591 INFO  RepositoryConfigurationDelegate:213 - Finished Spring Data repository scanning in 8 ms. Found 0 LDAP repository interfaces.
2026-09-13 16:43:14.697 INFO  RepositoryConfigurationDelegate:145 - Bootstrapping Spring Data LDAP repositories in DEFAULT mode.
2026-09-13 16:43:14.714 INFO  RepositoryConfigurationDelegate:213 - Finished Spring Data repository scanning in 14 ms. Found 0 LDAP repository interfaces.
2026-09-13 16:43:15.035 INFO  AbstractContextSource:419 - Property 'userDn' not set - anonymous context will be used for read-only operations
2026-09-13 16:43:15.062 INFO  DirsyncApplication:60 - Started DirsyncApplication in 1.284 seconds (process running for 2.188)
2026-09-13 16:43:15.175 INFO  RepositoryConfigurationDelegate:145 - Bootstrapping Spring Data LDAP repositories in DEFAULT mode.
2026-09-13 16:43:15.180 INFO  RepositoryConfigurationDelegate:213 - Finished Spring Data repository scanning in 2 ms. Found 0 LDAP repository interfaces.
2026-09-13 16:43:15.198 INFO  RepositoryConfigurationDelegate:145 - Bootstrapping Spring Data LDAP repositories in DEFAULT mode.
2026-09-13 16:43:15.207 INFO  RepositoryConfigurationDelegate:213 - Finished Spring Data repository scanning in 6 ms. Found 0 LDAP repository interfaces.
2026-09-13 16:43:15.250 INFO  AbstractContextSource:419 - Property 'userDn' not set - anonymous context will be used for read-only operations
2026-09-13 16:43:15.261 DEBUG LdapCacheService:50 - Entering com.ctg.innovic.cmmpdi.dirsync.service.CMMPDILdapCacheService.initCMMPDI
2026-09-13 16:43:15.262 INFO  LdapCacheService:52 - Initialising CMMP-DI users...
2026-09-13 16:43:15.262 DEBUG CMMPDILdapQueryService:50 - Entering com.ctg.innovic.cmmpdi.dirsync.service.CMMPDILdapQueryService.listUsers
2026-09-13 16:43:29.841 INFO  LdapCacheService:62 - 10271 user entries had been initialised...
2026-09-13 16:43:29.841 INFO  LdapCacheService:64 - Initialising CMMP-DI groups...
2026-09-13 16:43:29.841 DEBUG CMMPDILdapQueryService:68 - Entering com.ctg.innovic.cmmpdi.dirsync.service.CMMPDILdapQueryService.listGroups
2026-09-13 16:43:32.146 INFO  LdapCacheService:74 - 10032 group entries had been initialised...
2026-09-13 16:43:32.146 DEBUG CMMPDILdapGroupService:99 - Entering com.ctg.innovic.cmmpdi.dirsync.service.CMMPDILdapGroupService.getMemberListBasedOnCMMPOfDI
2026-09-13 16:43:32.151 DEBUG DirsyncApplication:126 - _name = CN=a1chanchansitcmmpdi,OU=User,OU=SITCHAN,OU=BDO,OU=CMMPDI-BDOs
2026-09-13 16:43:32.151 DEBUG DirsyncApplication:126 - _name = CN=revhohouatcmmpdi,OU=User,OU=UATHO,OU=BDO,OU=CMMPDI-BDOs
2026-09-13 16:43:32.151 DEBUG CMMPDILdapGroupService:130 - CN=UATTestUATSSOUser00021,OU=User,OU=UATBDOD,OU=BDO,OU=CMMPDI-BDOs,dc=cmmp-di-test,dc=ctg
2026-09-13 16:45:12.207 INFO  DirsyncApplication:31 - Starting CMMP-DI DirSync Application...
2026-09-13 16:45:12.637 INFO  DirsyncApplication:54 - Starting DirsyncApplication using Java 25.0.2 with PID 1068 (C:\Users\simon\IdeaProjects\dirsync\target\classes started by simon in C:\Users\simon\IdeaProjects\dirsync)
2026-09-13 16:45:12.637 DEBUG DirsyncApplication:55 - Running with Spring Boot v4.0.2, Spring v7.0.3
2026-09-13 16:45:12.638 INFO  DirsyncApplication:652 - No active profile set, falling back to 1 default profile: "default"
2026-09-13 16:45:12.984 INFO  RepositoryConfigurationDelegate:145 - Bootstrapping Spring Data LDAP repositories in DEFAULT mode.
2026-09-13 16:45:13.001 INFO  RepositoryConfigurationDelegate:213 - Finished Spring Data repository scanning in 6 ms. Found 0 LDAP repository interfaces.
2026-09-13 16:45:13.115 INFO  RepositoryConfigurationDelegate:145 - Bootstrapping Spring Data LDAP repositories in DEFAULT mode.
2026-09-13 16:45:13.135 INFO  RepositoryConfigurationDelegate:213 - Finished Spring Data repository scanning in 18 ms. Found 0 LDAP repository interfaces.
2026-09-13 16:45:13.420 INFO  AbstractContextSource:419 - Property 'userDn' not set - anonymous context will be used for read-only operations
2026-09-13 16:45:13.444 INFO  DirsyncApplication:60 - Started DirsyncApplication in 1.147 seconds (process running for 2.057)
2026-09-13 16:45:13.548 INFO  RepositoryConfigurationDelegate:145 - Bootstrapping Spring Data LDAP repositories in DEFAULT mode.
2026-09-13 16:45:13.552 INFO  RepositoryConfigurationDelegate:213 - Finished Spring Data repository scanning in 1 ms. Found 0 LDAP repository interfaces.
2026-09-13 16:45:13.570 INFO  RepositoryConfigurationDelegate:145 - Bootstrapping Spring Data LDAP repositories in DEFAULT mode.
2026-09-13 16:45:13.577 INFO  RepositoryConfigurationDelegate:213 - Finished Spring Data repository scanning in 5 ms. Found 0 LDAP repository interfaces.
2026-09-13 16:45:13.621 INFO  AbstractContextSource:419 - Property 'userDn' not set - anonymous context will be used for read-only operations
2026-09-13 16:45:13.632 DEBUG LdapCacheService:50 - Entering com.ctg.innovic.cmmpdi.dirsync.service.CMMPDILdapCacheService.initCMMPDI
2026-09-13 16:45:13.632 INFO  LdapCacheService:52 - Initialising CMMP-DI users...
2026-09-13 16:45:13.632 DEBUG CMMPDILdapQueryService:50 - Entering com.ctg.innovic.cmmpdi.dirsync.service.CMMPDILdapQueryService.listUsers
2026-09-13 16:45:28.237 INFO  LdapCacheService:62 - 10271 user entries had been initialised...
2026-09-13 16:45:28.237 INFO  LdapCacheService:64 - Initialising CMMP-DI groups...
2026-09-13 16:45:28.253 DEBUG CMMPDILdapQueryService:68 - Entering com.ctg.innovic.cmmpdi.dirsync.service.CMMPDILdapQueryService.listGroups
2026-09-13 16:45:30.732 INFO  LdapCacheService:74 - 10032 group entries had been initialised...
2026-09-13 16:45:30.733 DEBUG CMMPDILdapGroupService:99 - Entering com.ctg.innovic.cmmpdi.dirsync.service.CMMPDILdapGroupService.getMemberListBasedOnCMMPOfDI
2026-09-13 16:45:30.735 DEBUG CMMPDILdapGroupService:130 - **** CN=UATTestUATSSOUser00021,OU=User,OU=UATBDOD,OU=BDO,OU=CMMPDI-BDOs,dc=cmmp-di-test,dc=ctg
2026-09-13 16:46:33.873 INFO  DirsyncApplication:31 - Starting CMMP-DI DirSync Application...
2026-09-13 16:46:34.323 INFO  DirsyncApplication:54 - Starting DirsyncApplication using Java 25.0.2 with PID 16972 (C:\Users\simon\IdeaProjects\dirsync\target\classes started by simon in C:\Users\simon\IdeaProjects\dirsync)
2026-09-13 16:46:34.323 DEBUG DirsyncApplication:55 - Running with Spring Boot v4.0.2, Spring v7.0.3
2026-09-13 16:46:34.325 INFO  DirsyncApplication:652 - No active profile set, falling back to 1 default profile: "default"
2026-09-13 16:46:34.716 INFO  RepositoryConfigurationDelegate:145 - Bootstrapping Spring Data LDAP repositories in DEFAULT mode.
2026-09-13 16:46:34.730 INFO  RepositoryConfigurationDelegate:213 - Finished Spring Data repository scanning in 5 ms. Found 0 LDAP repository interfaces.
2026-09-13 16:46:34.825 INFO  RepositoryConfigurationDelegate:145 - Bootstrapping Spring Data LDAP repositories in DEFAULT mode.
2026-09-13 16:46:34.841 INFO  RepositoryConfigurationDelegate:213 - Finished Spring Data repository scanning in 13 ms. Found 0 LDAP repository interfaces.
2026-09-13 16:46:35.085 INFO  AbstractContextSource:419 - Property 'userDn' not set - anonymous context will be used for read-only operations
2026-09-13 16:46:35.108 INFO  DirsyncApplication:60 - Started DirsyncApplication in 1.152 seconds (process running for 2.137)
2026-09-13 16:46:35.227 INFO  RepositoryConfigurationDelegate:145 - Bootstrapping Spring Data LDAP repositories in DEFAULT mode.
2026-09-13 16:46:35.230 INFO  RepositoryConfigurationDelegate:213 - Finished Spring Data repository scanning in 2 ms. Found 0 LDAP repository interfaces.
2026-09-13 16:46:35.249 INFO  RepositoryConfigurationDelegate:145 - Bootstrapping Spring Data LDAP repositories in DEFAULT mode.
2026-09-13 16:46:35.256 INFO  RepositoryConfigurationDelegate:213 - Finished Spring Data repository scanning in 6 ms. Found 0 LDAP repository interfaces.
2026-09-13 16:46:35.303 INFO  AbstractContextSource:419 - Property 'userDn' not set - anonymous context will be used for read-only operations
2026-09-13 16:46:35.314 DEBUG LdapCacheService:50 - Entering com.ctg.innovic.cmmpdi.dirsync.service.CMMPDILdapCacheService.initCMMPDI
2026-09-13 16:46:35.315 INFO  LdapCacheService:52 - Initialising CMMP-DI users...
2026-09-13 16:46:35.315 DEBUG CMMPDILdapQueryService:50 - Entering com.ctg.innovic.cmmpdi.dirsync.service.CMMPDILdapQueryService.listUsers
2026-09-13 16:46:51.199 INFO  LdapCacheService:62 - 10271 user entries had been initialised...
2026-09-13 16:46:51.199 INFO  LdapCacheService:64 - Initialising CMMP-DI groups...
2026-09-13 16:46:51.199 DEBUG CMMPDILdapQueryService:68 - Entering com.ctg.innovic.cmmpdi.dirsync.service.CMMPDILdapQueryService.listGroups
2026-09-13 16:46:53.595 INFO  LdapCacheService:74 - 10032 group entries had been initialised...
2026-09-13 16:46:53.596 DEBUG CMMPDILdapGroupService:99 - Entering com.ctg.innovic.cmmpdi.dirsync.service.CMMPDILdapGroupService.getMemberListBasedOnCMMPOfDI
2026-09-13 16:46:53.599 DEBUG DirsyncApplication:126 - _name = CN=a1chanchansitcmmpdi,OU=User,OU=SITCHAN,OU=BDO,OU=CMMPDI-BDOs
2026-09-13 16:46:53.599 DEBUG DirsyncApplication:126 - _name = CN=revhohouatcmmpdi,OU=User,OU=UATHO,OU=BDO,OU=CMMPDI-BDOs
2026-09-13 16:46:53.599 DEBUG CMMPDILdapGroupService:130 - **** CN=UATTestUATSSOUser00021,OU=User,OU=UATBDOD,OU=BDO,OU=CMMPDI-BDOs,dc=cmmp-di-test,dc=ctg
2026-09-13 16:49:56.619 INFO  DirsyncApplication:31 - Starting CMMP-DI DirSync Application...
2026-09-13 16:49:57.080 INFO  DirsyncApplication:54 - Starting DirsyncApplication using Java 25.0.2 with PID 34028 (C:\Users\simon\IdeaProjects\dirsync\target\classes started by simon in C:\Users\simon\IdeaProjects\dirsync)
2026-09-13 16:49:57.080 DEBUG DirsyncApplication:55 - Running with Spring Boot v4.0.2, Spring v7.0.3
2026-09-13 16:49:57.081 INFO  DirsyncApplication:652 - No active profile set, falling back to 1 default profile: "default"
2026-09-13 16:49:57.487 INFO  RepositoryConfigurationDelegate:145 - Bootstrapping Spring Data LDAP repositories in DEFAULT mode.
2026-09-13 16:49:57.503 INFO  RepositoryConfigurationDelegate:213 - Finished Spring Data repository scanning in 6 ms. Found 0 LDAP repository interfaces.
2026-09-13 16:49:57.608 INFO  RepositoryConfigurationDelegate:145 - Bootstrapping Spring Data LDAP repositories in DEFAULT mode.
2026-09-13 16:49:57.626 INFO  RepositoryConfigurationDelegate:213 - Finished Spring Data repository scanning in 15 ms. Found 0 LDAP repository interfaces.
2026-09-13 16:49:57.920 INFO  AbstractContextSource:419 - Property 'userDn' not set - anonymous context will be used for read-only operations
2026-09-13 16:49:57.947 INFO  DirsyncApplication:60 - Started DirsyncApplication in 1.232 seconds (process running for 2.17)
2026-09-13 16:49:58.053 INFO  RepositoryConfigurationDelegate:145 - Bootstrapping Spring Data LDAP repositories in DEFAULT mode.
2026-09-13 16:49:58.056 INFO  RepositoryConfigurationDelegate:213 - Finished Spring Data repository scanning in 2 ms. Found 0 LDAP repository interfaces.
2026-09-13 16:49:58.072 INFO  RepositoryConfigurationDelegate:145 - Bootstrapping Spring Data LDAP repositories in DEFAULT mode.
2026-09-13 16:49:58.079 INFO  RepositoryConfigurationDelegate:213 - Finished Spring Data repository scanning in 5 ms. Found 0 LDAP repository interfaces.
2026-09-13 16:49:58.121 INFO  AbstractContextSource:419 - Property 'userDn' not set - anonymous context will be used for read-only operations
2026-09-13 16:49:58.134 DEBUG LdapCacheService:50 - Entering com.ctg.innovic.cmmpdi.dirsync.service.CMMPDILdapCacheService.initCMMPDI
2026-09-13 16:49:58.134 INFO  LdapCacheService:52 - Initialising CMMP-DI users...
2026-09-13 16:49:58.134 DEBUG CMMPDILdapQueryService:50 - Entering com.ctg.innovic.cmmpdi.dirsync.service.CMMPDILdapQueryService.listUsers
2026-09-13 16:50:13.386 INFO  LdapCacheService:62 - 10271 user entries had been initialised...
2026-09-13 16:50:13.388 INFO  LdapCacheService:64 - Initialising CMMP-DI groups...
2026-09-13 16:50:13.388 DEBUG CMMPDILdapQueryService:68 - Entering com.ctg.innovic.cmmpdi.dirsync.service.CMMPDILdapQueryService.listGroups
2026-09-13 16:50:15.477 INFO  LdapCacheService:74 - 10032 group entries had been initialised...
2026-09-13 16:50:15.478 DEBUG CMMPDILdapGroupService:99 - Entering com.ctg.innovic.cmmpdi.dirsync.service.CMMPDILdapGroupService.getMemberListBasedOnCMMPOfDI
2026-09-13 16:50:15.482 DEBUG DirsyncApplication:126 - _name = CN=a1chanchansitcmmpdi,OU=User,OU=SITCHAN,OU=BDO,OU=CMMPDI-BDOs
2026-09-13 16:50:15.482 DEBUG DirsyncApplication:126 - _name = CN=revhohouatcmmpdi,OU=User,OU=UATHO,OU=BDO,OU=CMMPDI-BDOs
2026-09-13 16:50:15.482 DEBUG CMMPDILdapGroupService:130 - **** CN=UATTestUATSSOUser00021,OU=User,OU=UATBDOD,OU=BDO,OU=CMMPDI-BDOs,dc=cmmp-di-test,dc=ctg
2026-09-13 16:53:02.681 INFO  DirsyncApplication:31 - Starting CMMP-DI DirSync Application...
2026-09-13 16:53:03.100 INFO  DirsyncApplication:54 - Starting DirsyncApplication using Java 25.0.2 with PID 33268 (C:\Users\simon\IdeaProjects\dirsync\target\classes started by simon in C:\Users\simon\IdeaProjects\dirsync)
2026-09-13 16:53:03.101 DEBUG DirsyncApplication:55 - Running with Spring Boot v4.0.2, Spring v7.0.3
2026-09-13 16:53:03.102 INFO  DirsyncApplication:652 - No active profile set, falling back to 1 default profile: "default"
2026-09-13 16:53:03.410 INFO  RepositoryConfigurationDelegate:145 - Bootstrapping Spring Data LDAP repositories in DEFAULT mode.
2026-09-13 16:53:03.424 INFO  RepositoryConfigurationDelegate:213 - Finished Spring Data repository scanning in 6 ms. Found 0 LDAP repository interfaces.
2026-09-13 16:53:03.521 INFO  RepositoryConfigurationDelegate:145 - Bootstrapping Spring Data LDAP repositories in DEFAULT mode.
2026-09-13 16:53:03.539 INFO  RepositoryConfigurationDelegate:213 - Finished Spring Data repository scanning in 15 ms. Found 0 LDAP repository interfaces.
2026-09-13 16:53:03.790 INFO  AbstractContextSource:419 - Property 'userDn' not set - anonymous context will be used for read-only operations
2026-09-13 16:53:03.814 INFO  DirsyncApplication:60 - Started DirsyncApplication in 1.055 seconds (process running for 1.838)
2026-09-13 16:53:03.908 INFO  RepositoryConfigurationDelegate:145 - Bootstrapping Spring Data LDAP repositories in DEFAULT mode.
2026-09-13 16:53:03.911 INFO  RepositoryConfigurationDelegate:213 - Finished Spring Data repository scanning in 1 ms. Found 0 LDAP repository interfaces.
2026-09-13 16:53:03.925 INFO  RepositoryConfigurationDelegate:145 - Bootstrapping Spring Data LDAP repositories in DEFAULT mode.
2026-09-13 16:53:03.933 INFO  RepositoryConfigurationDelegate:213 - Finished Spring Data repository scanning in 5 ms. Found 0 LDAP repository interfaces.
2026-09-13 16:53:03.981 INFO  AbstractContextSource:419 - Property 'userDn' not set - anonymous context will be used for read-only operations
2026-09-13 16:53:03.990 DEBUG LdapCacheService:50 - Entering com.ctg.innovic.cmmpdi.dirsync.service.CMMPDILdapCacheService.initCMMPDI
2026-09-13 16:53:03.991 INFO  LdapCacheService:52 - Initialising CMMP-DI users...
2026-09-13 16:53:03.991 DEBUG CMMPDILdapQueryService:50 - Entering com.ctg.innovic.cmmpdi.dirsync.service.CMMPDILdapQueryService.listUsers
2026-09-13 16:53:18.144 INFO  LdapCacheService:62 - 10271 user entries had been initialised...
2026-09-13 16:53:18.146 INFO  LdapCacheService:64 - Initialising CMMP-DI groups...
2026-09-13 16:53:18.146 DEBUG CMMPDILdapQueryService:68 - Entering com.ctg.innovic.cmmpdi.dirsync.service.CMMPDILdapQueryService.listGroups
2026-09-13 16:53:20.354 INFO  LdapCacheService:74 - 10032 group entries had been initialised...
2026-09-13 16:53:20.355 DEBUG CMMPDILdapGroupService:99 - Entering com.ctg.innovic.cmmpdi.dirsync.service.CMMPDILdapGroupService.getMemberListBasedOnCMMPOfDI
2026-09-13 16:53:20.357 DEBUG DirsyncApplication:126 - _name = CN=a1chanchansitcmmpdi,OU=User,OU=SITCHAN,OU=BDO,OU=CMMPDI-BDOs
2026-09-13 16:53:20.357 DEBUG DirsyncApplication:126 - _name = CN=revhohouatcmmpdi,OU=User,OU=UATHO,OU=BDO,OU=CMMPDI-BDOs
2026-09-13 16:53:20.357 DEBUG CMMPDILdapGroupService:130 - **** CN=UATTestUATSSOUser00021,OU=User,OU=UATBDOD,OU=BDO,OU=CMMPDI-BDOs,dc=cmmp-di-test,dc=ctg
2026-09-13 16:54:11.751 INFO  DirsyncApplication:31 - Starting CMMP-DI DirSync Application...
2026-09-13 16:54:12.140 INFO  DirsyncApplication:54 - Starting DirsyncApplication using Java 25.0.2 with PID 36464 (C:\Users\simon\IdeaProjects\dirsync\target\classes started by simon in C:\Users\simon\IdeaProjects\dirsync)
2026-09-13 16:54:12.141 DEBUG DirsyncApplication:55 - Running with Spring Boot v4.0.2, Spring v7.0.3
2026-09-13 16:54:12.141 INFO  DirsyncApplication:652 - No active profile set, falling back to 1 default profile: "default"
2026-09-13 16:54:12.450 INFO  RepositoryConfigurationDelegate:145 - Bootstrapping Spring Data LDAP repositories in DEFAULT mode.
2026-09-13 16:54:12.464 INFO  RepositoryConfigurationDelegate:213 - Finished Spring Data repository scanning in 6 ms. Found 0 LDAP repository interfaces.
2026-09-13 16:54:12.566 INFO  RepositoryConfigurationDelegate:145 - Bootstrapping Spring Data LDAP repositories in DEFAULT mode.
2026-09-13 16:54:12.582 INFO  RepositoryConfigurationDelegate:213 - Finished Spring Data repository scanning in 14 ms. Found 0 LDAP repository interfaces.
2026-09-13 16:54:12.848 INFO  AbstractContextSource:419 - Property 'userDn' not set - anonymous context will be used for read-only operations
2026-09-13 16:54:12.875 INFO  DirsyncApplication:60 - Started DirsyncApplication in 1.052 seconds (process running for 1.837)
2026-09-13 16:54:12.994 INFO  RepositoryConfigurationDelegate:145 - Bootstrapping Spring Data LDAP repositories in DEFAULT mode.
2026-09-13 16:54:12.998 INFO  RepositoryConfigurationDelegate:213 - Finished Spring Data repository scanning in 2 ms. Found 0 LDAP repository interfaces.
2026-09-13 16:54:13.013 INFO  RepositoryConfigurationDelegate:145 - Bootstrapping Spring Data LDAP repositories in DEFAULT mode.
2026-09-13 16:54:13.022 INFO  RepositoryConfigurationDelegate:213 - Finished Spring Data repository scanning in 6 ms. Found 0 LDAP repository interfaces.
2026-09-13 16:54:13.071 INFO  AbstractContextSource:419 - Property 'userDn' not set - anonymous context will be used for read-only operations
2026-09-13 16:54:13.081 DEBUG LdapCacheService:50 - Entering com.ctg.innovic.cmmpdi.dirsync.service.CMMPDILdapCacheService.initCMMPDI
2026-09-13 16:54:13.081 INFO  LdapCacheService:52 - Initialising CMMP-DI users...
2026-09-13 16:54:13.083 DEBUG CMMPDILdapQueryService:50 - Entering com.ctg.innovic.cmmpdi.dirsync.service.CMMPDILdapQueryService.listUsers
2026-09-13 16:54:28.869 INFO  LdapCacheService:62 - 10271 user entries had been initialised...
2026-09-13 16:54:28.869 INFO  LdapCacheService:64 - Initialising CMMP-DI groups...
2026-09-13 16:54:28.869 DEBUG CMMPDILdapQueryService:68 - Entering com.ctg.innovic.cmmpdi.dirsync.service.CMMPDILdapQueryService.listGroups
2026-09-13 16:54:30.902 INFO  LdapCacheService:74 - 10032 group entries had been initialised...
2026-09-13 16:54:30.903 DEBUG CMMPDILdapGroupService:99 - Entering com.ctg.innovic.cmmpdi.dirsync.service.CMMPDILdapGroupService.getMemberListBasedOnCMMPOfDI
2026-09-13 16:54:30.905 DEBUG DirsyncApplication:126 - _name = CN=a1chanchansitcmmpdi,OU=User,OU=SITCHAN,OU=BDO,OU=CMMPDI-BDOs
2026-09-13 16:54:30.906 DEBUG DirsyncApplication:126 - _name = CN=revhohouatcmmpdi,OU=User,OU=UATHO,OU=BDO,OU=CMMPDI-BDOs
2026-09-13 16:54:30.906 DEBUG CMMPDILdapGroupService:130 - **** CN=UATTestUATSSOUser00021,OU=User,OU=UATBDOD,OU=BDO,OU=CMMPDI-BDOs,dc=cmmp-di-test,dc=ctg
2026-09-13 16:55:54.130 INFO  DirsyncApplication:31 - Starting CMMP-DI DirSync Application...
2026-09-13 16:55:54.510 INFO  DirsyncApplication:54 - Starting DirsyncApplication using Java 25.0.2 with PID 21680 (C:\Users\simon\IdeaProjects\dirsync\target\classes started by simon in C:\Users\simon\IdeaProjects\dirsync)
2026-09-13 16:55:54.510 DEBUG DirsyncApplication:55 - Running with Spring Boot v4.0.2, Spring v7.0.3
2026-09-13 16:55:54.511 INFO  DirsyncApplication:652 - No active profile set, falling back to 1 default profile: "default"
2026-09-13 16:55:54.830 INFO  RepositoryConfigurationDelegate:145 - Bootstrapping Spring Data LDAP repositories in DEFAULT mode.
2026-09-13 16:55:54.844 INFO  RepositoryConfigurationDelegate:213 - Finished Spring Data repository scanning in 5 ms. Found 0 LDAP repository interfaces.
2026-09-13 16:55:54.930 INFO  RepositoryConfigurationDelegate:145 - Bootstrapping Spring Data LDAP repositories in DEFAULT mode.
2026-09-13 16:55:54.945 INFO  RepositoryConfigurationDelegate:213 - Finished Spring Data repository scanning in 13 ms. Found 0 LDAP repository interfaces.
2026-09-13 16:55:55.197 INFO  AbstractContextSource:419 - Property 'userDn' not set - anonymous context will be used for read-only operations
2026-09-13 16:55:55.219 INFO  DirsyncApplication:60 - Started DirsyncApplication in 1.016 seconds (process running for 1.833)
2026-09-13 16:55:55.317 INFO  RepositoryConfigurationDelegate:145 - Bootstrapping Spring Data LDAP repositories in DEFAULT mode.
2026-09-13 16:55:55.320 INFO  RepositoryConfigurationDelegate:213 - Finished Spring Data repository scanning in 1 ms. Found 0 LDAP repository interfaces.
2026-09-13 16:55:55.335 INFO  RepositoryConfigurationDelegate:145 - Bootstrapping Spring Data LDAP repositories in DEFAULT mode.
2026-09-13 16:55:55.342 INFO  RepositoryConfigurationDelegate:213 - Finished Spring Data repository scanning in 5 ms. Found 0 LDAP repository interfaces.
2026-09-13 16:55:55.382 INFO  AbstractContextSource:419 - Property 'userDn' not set - anonymous context will be used for read-only operations
2026-09-13 16:55:55.391 DEBUG LdapCacheService:50 - Entering com.ctg.innovic.cmmpdi.dirsync.service.CMMPDILdapCacheService.initCMMPDI
2026-09-13 16:55:55.391 INFO  LdapCacheService:52 - Initialising CMMP-DI users...
2026-09-13 16:55:55.392 DEBUG CMMPDILdapQueryService:50 - Entering com.ctg.innovic.cmmpdi.dirsync.service.CMMPDILdapQueryService.listUsers
2026-09-13 16:56:09.928 INFO  LdapCacheService:62 - 10271 user entries had been initialised...
2026-09-13 16:56:09.930 INFO  LdapCacheService:64 - Initialising CMMP-DI groups...
2026-09-13 16:56:09.930 DEBUG CMMPDILdapQueryService:68 - Entering com.ctg.innovic.cmmpdi.dirsync.service.CMMPDILdapQueryService.listGroups
2026-09-13 16:56:12.833 INFO  LdapCacheService:74 - 10032 group entries had been initialised...
2026-09-13 16:56:12.834 DEBUG CMMPDILdapGroupService:99 - Entering com.ctg.innovic.cmmpdi.dirsync.service.CMMPDILdapGroupService.getMemberListBasedOnCMMPOfDI
2026-09-13 16:56:12.837 DEBUG DirsyncApplication:126 - _name = CN=a1chanchansitcmmpdi,OU=User,OU=SITCHAN,OU=BDO,OU=CMMPDI-BDOs
2026-09-13 16:56:12.838 DEBUG DirsyncApplication:126 - _name = CN=revhohouatcmmpdi,OU=User,OU=UATHO,OU=BDO,OU=CMMPDI-BDOs
2026-09-13 16:56:12.838 DEBUG CMMPDILdapGroupService:130 - **** CN=UATTestUATSSOUser00021,OU=User,OU=UATBDOD,OU=BDO,OU=CMMPDI-BDOs,dc=cmmp-di-test,dc=ctg
2026-09-13 17:12:45.815 INFO  DirsyncApplication:31 - Starting CMMP-DI DirSync Application...
2026-09-13 17:12:46.423 INFO  DirsyncApplication:54 - Starting DirsyncApplication using Java 25.0.2 with PID 31660 (C:\Users\simon\IdeaProjects\dirsync\target\classes started by simon in C:\Users\simon\IdeaProjects\dirsync)
2026-09-13 17:12:46.424 DEBUG DirsyncApplication:55 - Running with Spring Boot v4.0.2, Spring v7.0.3
2026-09-13 17:12:46.425 INFO  DirsyncApplication:652 - No active profile set, falling back to 1 default profile: "default"
2026-09-13 17:12:46.848 INFO  RepositoryConfigurationDelegate:145 - Bootstrapping Spring Data LDAP repositories in DEFAULT mode.
2026-09-13 17:12:46.866 INFO  RepositoryConfigurationDelegate:213 - Finished Spring Data repository scanning in 7 ms. Found 0 LDAP repository interfaces.
2026-09-13 17:12:46.980 INFO  RepositoryConfigurationDelegate:145 - Bootstrapping Spring Data LDAP repositories in DEFAULT mode.
2026-09-13 17:12:46.999 INFO  RepositoryConfigurationDelegate:213 - Finished Spring Data repository scanning in 16 ms. Found 0 LDAP repository interfaces.
2026-09-13 17:12:47.334 INFO  AbstractContextSource:419 - Property 'userDn' not set - anonymous context will be used for read-only operations
2026-09-13 17:12:47.361 INFO  DirsyncApplication:60 - Started DirsyncApplication in 1.41 seconds (process running for 2.568)
2026-09-13 17:12:47.493 INFO  RepositoryConfigurationDelegate:145 - Bootstrapping Spring Data LDAP repositories in DEFAULT mode.
2026-09-13 17:12:47.497 INFO  RepositoryConfigurationDelegate:213 - Finished Spring Data repository scanning in 2 ms. Found 0 LDAP repository interfaces.
2026-09-13 17:12:47.515 INFO  RepositoryConfigurationDelegate:145 - Bootstrapping Spring Data LDAP repositories in DEFAULT mode.
2026-09-13 17:12:47.524 INFO  RepositoryConfigurationDelegate:213 - Finished Spring Data repository scanning in 6 ms. Found 0 LDAP repository interfaces.
2026-09-13 17:12:47.573 INFO  AbstractContextSource:419 - Property 'userDn' not set - anonymous context will be used for read-only operations
2026-09-13 17:12:47.585 DEBUG LdapCacheService:50 - Entering com.ctg.innovic.cmmpdi.dirsync.service.CMMPDILdapCacheService.initCMMPDI
2026-09-13 17:12:47.586 INFO  LdapCacheService:52 - Initialising CMMP-DI users...
2026-09-13 17:12:47.586 DEBUG CMMPDILdapQueryService:50 - Entering com.ctg.innovic.cmmpdi.dirsync.service.CMMPDILdapQueryService.listUsers
2026-09-13 17:13:02.058 INFO  LdapCacheService:62 - 10271 user entries had been initialised...
2026-09-13 17:13:02.060 INFO  LdapCacheService:64 - Initialising CMMP-DI groups...
2026-09-13 17:13:02.060 DEBUG CMMPDILdapQueryService:68 - Entering com.ctg.innovic.cmmpdi.dirsync.service.CMMPDILdapQueryService.listGroups
2026-09-13 17:13:04.317 INFO  LdapCacheService:74 - 10032 group entries had been initialised...
2026-09-13 17:13:04.318 DEBUG CMMPDILdapGroupService:99 - Entering com.ctg.innovic.cmmpdi.dirsync.service.CMMPDILdapGroupService.getMemberListBasedOnCMMPOfDI
2026-09-13 17:13:04.322 DEBUG DirsyncApplication:126 - _name = CN=a1chanchansitcmmpdi,OU=User,OU=SITCHAN,OU=BDO,OU=CMMPDI-BDOs
2026-09-13 17:13:04.322 DEBUG DirsyncApplication:126 - _name = CN=revhohouatcmmpdi,OU=User,OU=UATHO,OU=BDO,OU=CMMPDI-BDOs
2026-09-13 17:13:04.323 DEBUG CMMPDILdapGroupService:143 - Remove attribute: member: CN=UATTestUATSSOUser00021,OU=User,OU=UATBDOD,OU=BDO,OU=CMMPDI-BDOs,dc=cmmp-di-test,dc=ctg, CN=a1chanchansitcmmpdi,OU=User,OU=SITCHAN,OU=BDO,OU=CMMPDI-BDOs,dc=cmmp-di-test,dc=ctg
2026-09-13 17:14:43.191 INFO  DirsyncApplication:31 - Starting CMMP-DI DirSync Application...
2026-09-13 17:14:43.661 INFO  DirsyncApplication:54 - Starting DirsyncApplication using Java 25.0.2 with PID 22524 (C:\Users\simon\IdeaProjects\dirsync\target\classes started by simon in C:\Users\simon\IdeaProjects\dirsync)
2026-09-13 17:14:43.661 DEBUG DirsyncApplication:55 - Running with Spring Boot v4.0.2, Spring v7.0.3
2026-09-13 17:14:43.662 INFO  DirsyncApplication:652 - No active profile set, falling back to 1 default profile: "default"
2026-09-13 17:14:44.024 INFO  RepositoryConfigurationDelegate:145 - Bootstrapping Spring Data LDAP repositories in DEFAULT mode.
2026-09-13 17:14:44.040 INFO  RepositoryConfigurationDelegate:213 - Finished Spring Data repository scanning in 7 ms. Found 0 LDAP repository interfaces.
2026-09-13 17:14:44.150 INFO  RepositoryConfigurationDelegate:145 - Bootstrapping Spring Data LDAP repositories in DEFAULT mode.
2026-09-13 17:14:44.167 INFO  RepositoryConfigurationDelegate:213 - Finished Spring Data repository scanning in 15 ms. Found 0 LDAP repository interfaces.
2026-09-13 17:14:44.460 INFO  AbstractContextSource:419 - Property 'userDn' not set - anonymous context will be used for read-only operations
2026-09-13 17:14:44.484 INFO  DirsyncApplication:60 - Started DirsyncApplication in 1.2 seconds (process running for 2.109)
2026-09-13 17:14:44.591 INFO  RepositoryConfigurationDelegate:145 - Bootstrapping Spring Data LDAP repositories in DEFAULT mode.
2026-09-13 17:14:44.595 INFO  RepositoryConfigurationDelegate:213 - Finished Spring Data repository scanning in 2 ms. Found 0 LDAP repository interfaces.
2026-09-13 17:14:44.612 INFO  RepositoryConfigurationDelegate:145 - Bootstrapping Spring Data LDAP repositories in DEFAULT mode.
2026-09-13 17:14:44.621 INFO  RepositoryConfigurationDelegate:213 - Finished Spring Data repository scanning in 6 ms. Found 0 LDAP repository interfaces.
2026-09-13 17:14:44.670 INFO  AbstractContextSource:419 - Property 'userDn' not set - anonymous context will be used for read-only operations
2026-09-13 17:14:44.682 DEBUG LdapCacheService:50 - Entering com.ctg.innovic.cmmpdi.dirsync.service.CMMPDILdapCacheService.initCMMPDI
2026-09-13 17:14:44.682 INFO  LdapCacheService:52 - Initialising CMMP-DI users...
2026-09-13 17:14:44.683 DEBUG CMMPDILdapQueryService:50 - Entering com.ctg.innovic.cmmpdi.dirsync.service.CMMPDILdapQueryService.listUsers
2026-09-13 17:14:59.010 INFO  LdapCacheService:62 - 10271 user entries had been initialised...
2026-09-13 17:14:59.010 INFO  LdapCacheService:64 - Initialising CMMP-DI groups...
2026-09-13 17:14:59.012 DEBUG CMMPDILdapQueryService:68 - Entering com.ctg.innovic.cmmpdi.dirsync.service.CMMPDILdapQueryService.listGroups
2026-09-13 17:15:01.196 INFO  LdapCacheService:74 - 10032 group entries had been initialised...
2026-09-13 17:15:01.200 DEBUG CMMPDILdapGroupService:99 - Entering com.ctg.innovic.cmmpdi.dirsync.service.CMMPDILdapGroupService.getMemberListBasedOnCMMPOfDI
2026-09-13 17:15:01.205 DEBUG DirsyncApplication:126 - _name = CN=a1chanchansitcmmpdi,OU=User,OU=SITCHAN,OU=BDO,OU=CMMPDI-BDOs
2026-09-13 17:15:01.205 DEBUG DirsyncApplication:126 - _name = CN=revhohouatcmmpdi,OU=User,OU=UATHO,OU=BDO,OU=CMMPDI-BDOs
2026-09-13 17:15:01.207 DEBUG CMMPDILdapGroupService:142 - Remove attribute: member: CN=UATTestUATSSOUser00021,OU=User,OU=UATBDOD,OU=BDO,OU=CMMPDI-BDOs,dc=cmmp-di-test,dc=ctg
2026-09-13 17:17:38.315 INFO  DirsyncApplication:31 - Starting CMMP-DI DirSync Application...
2026-09-13 17:17:38.759 INFO  DirsyncApplication:54 - Starting DirsyncApplication using Java 25.0.2 with PID 22944 (C:\Users\simon\IdeaProjects\dirsync\target\classes started by simon in C:\Users\simon\IdeaProjects\dirsync)
2026-09-13 17:17:38.759 DEBUG DirsyncApplication:55 - Running with Spring Boot v4.0.2, Spring v7.0.3
2026-09-13 17:17:38.760 INFO  DirsyncApplication:652 - No active profile set, falling back to 1 default profile: "default"
2026-09-13 17:17:39.135 INFO  RepositoryConfigurationDelegate:145 - Bootstrapping Spring Data LDAP repositories in DEFAULT mode.
2026-09-13 17:17:39.149 INFO  RepositoryConfigurationDelegate:213 - Finished Spring Data repository scanning in 6 ms. Found 0 LDAP repository interfaces.
2026-09-13 17:17:39.253 INFO  RepositoryConfigurationDelegate:145 - Bootstrapping Spring Data LDAP repositories in DEFAULT mode.
2026-09-13 17:17:39.270 INFO  RepositoryConfigurationDelegate:213 - Finished Spring Data repository scanning in 15 ms. Found 0 LDAP repository interfaces.
2026-09-13 17:17:39.588 INFO  AbstractContextSource:419 - Property 'userDn' not set - anonymous context will be used for read-only operations
2026-09-13 17:17:39.616 INFO  DirsyncApplication:60 - Started DirsyncApplication in 1.218 seconds (process running for 2.112)
2026-09-13 17:17:39.733 INFO  RepositoryConfigurationDelegate:145 - Bootstrapping Spring Data LDAP repositories in DEFAULT mode.
2026-09-13 17:17:39.738 INFO  RepositoryConfigurationDelegate:213 - Finished Spring Data repository scanning in 1 ms. Found 0 LDAP repository interfaces.
2026-09-13 17:17:39.754 INFO  RepositoryConfigurationDelegate:145 - Bootstrapping Spring Data LDAP repositories in DEFAULT mode.
2026-09-13 17:17:39.762 INFO  RepositoryConfigurationDelegate:213 - Finished Spring Data repository scanning in 6 ms. Found 0 LDAP repository interfaces.
2026-09-13 17:17:39.811 INFO  AbstractContextSource:419 - Property 'userDn' not set - anonymous context will be used for read-only operations
2026-09-13 17:17:39.823 DEBUG LdapCacheService:50 - Entering com.ctg.innovic.cmmpdi.dirsync.service.CMMPDILdapCacheService.initCMMPDI
2026-09-13 17:17:39.824 INFO  LdapCacheService:52 - Initialising CMMP-DI users...
2026-09-13 17:17:39.824 DEBUG CMMPDILdapQueryService:50 - Entering com.ctg.innovic.cmmpdi.dirsync.service.CMMPDILdapQueryService.listUsers
2026-09-13 17:17:53.906 INFO  LdapCacheService:62 - 10271 user entries had been initialised...
2026-09-13 17:17:53.908 INFO  LdapCacheService:64 - Initialising CMMP-DI groups...
2026-09-13 17:17:53.908 DEBUG CMMPDILdapQueryService:68 - Entering com.ctg.innovic.cmmpdi.dirsync.service.CMMPDILdapQueryService.listGroups
2026-09-13 17:17:55.473 INFO  LdapCacheService:74 - 10032 group entries had been initialised...
2026-09-13 17:17:55.474 DEBUG CMMPDILdapGroupService:99 - Entering com.ctg.innovic.cmmpdi.dirsync.service.CMMPDILdapGroupService.getMemberListBasedOnCMMPOfDI
2026-09-13 17:17:55.477 DEBUG DirsyncApplication:126 - _name = CN=a1chanchansitcmmpdi,OU=User,OU=SITCHAN,OU=BDO,OU=CMMPDI-BDOs
2026-09-13 17:17:55.477 DEBUG DirsyncApplication:126 - _name = CN=revhohouatcmmpdi,OU=User,OU=UATHO,OU=BDO,OU=CMMPDI-BDOs
2026-09-13 17:17:55.477 DEBUG CMMPDILdapGroupService:131 - Group DN = CN=UATTestUATGroup00021,OU=Group,OU=UATBDOD,OU=BDO,OU=CMMPDI-BDOs
2026-09-13 17:17:55.478 DEBUG CMMPDILdapGroupService:144 - Remove attribute: member: CN=UATTestUATSSOUser00021,OU=User,OU=UATBDOD,OU=BDO,OU=CMMPDI-BDOs,dc=cmmp-di-test,dc=ctg
2026-09-13 17:18:57.090 INFO  DirsyncApplication:31 - Starting CMMP-DI DirSync Application...
2026-09-13 17:18:57.768 INFO  DirsyncApplication:54 - Starting DirsyncApplication using Java 25.0.2 with PID 3504 (C:\Users\simon\IdeaProjects\dirsync\target\classes started by simon in C:\Users\simon\IdeaProjects\dirsync)
2026-09-13 17:18:57.769 DEBUG DirsyncApplication:55 - Running with Spring Boot v4.0.2, Spring v7.0.3
2026-09-13 17:18:57.770 INFO  DirsyncApplication:652 - No active profile set, falling back to 1 default profile: "default"
2026-09-13 17:18:58.268 INFO  RepositoryConfigurationDelegate:145 - Bootstrapping Spring Data LDAP repositories in DEFAULT mode.
2026-09-13 17:18:58.285 INFO  RepositoryConfigurationDelegate:213 - Finished Spring Data repository scanning in 7 ms. Found 0 LDAP repository interfaces.
2026-09-13 17:18:58.386 INFO  RepositoryConfigurationDelegate:145 - Bootstrapping Spring Data LDAP repositories in DEFAULT mode.
2026-09-13 17:18:58.406 INFO  RepositoryConfigurationDelegate:213 - Finished Spring Data repository scanning in 17 ms. Found 0 LDAP repository interfaces.
2026-09-13 17:18:58.741 INFO  AbstractContextSource:419 - Property 'userDn' not set - anonymous context will be used for read-only operations
2026-09-13 17:18:58.770 INFO  DirsyncApplication:60 - Started DirsyncApplication in 1.553 seconds (process running for 2.778)
2026-09-13 17:18:58.885 INFO  RepositoryConfigurationDelegate:145 - Bootstrapping Spring Data LDAP repositories in DEFAULT mode.
2026-09-13 17:18:58.889 INFO  RepositoryConfigurationDelegate:213 - Finished Spring Data repository scanning in 2 ms. Found 0 LDAP repository interfaces.
2026-09-13 17:18:58.908 INFO  RepositoryConfigurationDelegate:145 - Bootstrapping Spring Data LDAP repositories in DEFAULT mode.
2026-09-13 17:18:58.917 INFO  RepositoryConfigurationDelegate:213 - Finished Spring Data repository scanning in 7 ms. Found 0 LDAP repository interfaces.
2026-09-13 17:18:58.969 INFO  AbstractContextSource:419 - Property 'userDn' not set - anonymous context will be used for read-only operations
2026-09-13 17:18:58.980 DEBUG LdapCacheService:50 - Entering com.ctg.innovic.cmmpdi.dirsync.service.CMMPDILdapCacheService.initCMMPDI
2026-09-13 17:18:58.981 INFO  LdapCacheService:52 - Initialising CMMP-DI users...
2026-09-13 17:18:58.981 DEBUG CMMPDILdapQueryService:50 - Entering com.ctg.innovic.cmmpdi.dirsync.service.CMMPDILdapQueryService.listUsers
2026-09-13 17:19:15.197 INFO  LdapCacheService:62 - 10271 user entries had been initialised...
2026-09-13 17:19:15.199 INFO  LdapCacheService:64 - Initialising CMMP-DI groups...
2026-09-13 17:19:15.199 DEBUG CMMPDILdapQueryService:68 - Entering com.ctg.innovic.cmmpdi.dirsync.service.CMMPDILdapQueryService.listGroups
2026-09-13 17:19:17.184 INFO  LdapCacheService:74 - 10032 group entries had been initialised...
2026-09-13 17:19:17.185 DEBUG CMMPDILdapGroupService:99 - Entering com.ctg.innovic.cmmpdi.dirsync.service.CMMPDILdapGroupService.getMemberListBasedOnCMMPOfDI
2026-09-13 17:19:17.190 DEBUG DirsyncApplication:126 - _name = CN=a1chanchansitcmmpdi,OU=User,OU=SITCHAN,OU=BDO,OU=CMMPDI-BDOs
2026-09-13 17:19:17.190 DEBUG DirsyncApplication:126 - _name = CN=revhohouatcmmpdi,OU=User,OU=UATHO,OU=BDO,OU=CMMPDI-BDOs
2026-09-13 17:19:17.190 DEBUG CMMPDILdapGroupService:131 - Group DN = CN=UATTestUATGroup00021,OU=Group,OU=UATBDOD,OU=BDO,OU=CMMPDI-BDOs
2026-09-13 17:19:17.191 DEBUG CMMPDILdapGroupService:144 - Remove attribute: member: CN=UATTestUATSSOUser00021,OU=User,OU=UATBDOD,OU=BDO,OU=CMMPDI-BDOs,dc=cmmp-di-test,dc=ctg
2026-09-13 17:24:05.432 INFO  DirsyncApplication:31 - Starting CMMP-DI DirSync Application...
2026-09-13 17:24:05.922 INFO  DirsyncApplication:54 - Starting DirsyncApplication using Java 25.0.2 with PID 28240 (C:\Users\simon\IdeaProjects\dirsync\target\classes started by simon in C:\Users\simon\IdeaProjects\dirsync)
2026-09-13 17:24:05.923 DEBUG DirsyncApplication:55 - Running with Spring Boot v4.0.2, Spring v7.0.3
2026-09-13 17:24:05.923 INFO  DirsyncApplication:652 - No active profile set, falling back to 1 default profile: "default"
2026-09-13 17:24:06.350 INFO  RepositoryConfigurationDelegate:145 - Bootstrapping Spring Data LDAP repositories in DEFAULT mode.
2026-09-13 17:24:06.365 INFO  RepositoryConfigurationDelegate:213 - Finished Spring Data repository scanning in 6 ms. Found 0 LDAP repository interfaces.
2026-09-13 17:24:06.467 INFO  RepositoryConfigurationDelegate:145 - Bootstrapping Spring Data LDAP repositories in DEFAULT mode.
2026-09-13 17:24:06.483 INFO  RepositoryConfigurationDelegate:213 - Finished Spring Data repository scanning in 14 ms. Found 0 LDAP repository interfaces.
2026-09-13 17:24:06.767 INFO  AbstractContextSource:419 - Property 'userDn' not set - anonymous context will be used for read-only operations
2026-09-13 17:24:06.792 INFO  DirsyncApplication:60 - Started DirsyncApplication in 1.252 seconds (process running for 2.214)
2026-09-13 17:24:06.895 INFO  RepositoryConfigurationDelegate:145 - Bootstrapping Spring Data LDAP repositories in DEFAULT mode.
2026-09-13 17:24:06.899 INFO  RepositoryConfigurationDelegate:213 - Finished Spring Data repository scanning in 1 ms. Found 0 LDAP repository interfaces.
2026-09-13 17:24:06.913 INFO  RepositoryConfigurationDelegate:145 - Bootstrapping Spring Data LDAP repositories in DEFAULT mode.
2026-09-13 17:24:06.921 INFO  RepositoryConfigurationDelegate:213 - Finished Spring Data repository scanning in 5 ms. Found 0 LDAP repository interfaces.
2026-09-13 17:24:06.987 INFO  AbstractContextSource:419 - Property 'userDn' not set - anonymous context will be used for read-only operations
2026-09-13 17:24:07.001 DEBUG LdapCacheService:50 - Entering com.ctg.innovic.cmmpdi.dirsync.service.CMMPDILdapCacheService.initCMMPDI
2026-09-13 17:24:07.001 INFO  LdapCacheService:52 - Initialising CMMP-DI users...
2026-09-13 17:24:07.002 DEBUG CMMPDILdapQueryService:50 - Entering com.ctg.innovic.cmmpdi.dirsync.service.CMMPDILdapQueryService.listUsers
2026-09-13 17:24:21.751 INFO  LdapCacheService:62 - 10271 user entries had been initialised...
2026-09-13 17:24:21.752 INFO  LdapCacheService:64 - Initialising CMMP-DI groups...
2026-09-13 17:24:21.752 DEBUG CMMPDILdapQueryService:68 - Entering com.ctg.innovic.cmmpdi.dirsync.service.CMMPDILdapQueryService.listGroups
2026-09-13 17:24:24.364 INFO  LdapCacheService:74 - 10032 group entries had been initialised...
2026-09-13 17:24:24.365 DEBUG CMMPDILdapGroupService:99 - Entering com.ctg.innovic.cmmpdi.dirsync.service.CMMPDILdapGroupService.getMemberListBasedOnCMMPOfDI
2026-09-13 17:24:24.369 DEBUG DirsyncApplication:126 - _name = CN=a1chanchansitcmmpdi,OU=User,OU=SITCHAN,OU=BDO,OU=CMMPDI-BDOs
2026-09-13 17:24:24.369 DEBUG DirsyncApplication:126 - _name = CN=revhohouatcmmpdi,OU=User,OU=UATHO,OU=BDO,OU=CMMPDI-BDOs
2026-09-13 17:24:24.369 DEBUG CMMPDILdapGroupService:131 - Group DN = CN=UATTestUATGroup00021,OU=Group,OU=UATBDOD,OU=BDO,OU=CMMPDI-BDOs
2026-09-13 17:24:24.370 DEBUG CMMPDILdapGroupService:144 - Remove attribute: member: CN=UATTestUATSSOUser00021,OU=User,OU=UATBDOD,OU=BDO,OU=CMMPDI-BDOs,dc=cmmp-di-test,dc=ctg
2026-09-13 17:25:00.580 INFO  DirsyncApplication:31 - Starting CMMP-DI DirSync Application...
2026-09-13 17:25:00.986 INFO  DirsyncApplication:54 - Starting DirsyncApplication using Java 25.0.2 with PID 35040 (C:\Users\simon\IdeaProjects\dirsync\target\classes started by simon in C:\Users\simon\IdeaProjects\dirsync)
2026-09-13 17:25:00.987 DEBUG DirsyncApplication:55 - Running with Spring Boot v4.0.2, Spring v7.0.3
2026-09-13 17:25:00.987 INFO  DirsyncApplication:652 - No active profile set, falling back to 1 default profile: "default"
2026-09-13 17:25:01.301 INFO  RepositoryConfigurationDelegate:145 - Bootstrapping Spring Data LDAP repositories in DEFAULT mode.
2026-09-13 17:25:01.316 INFO  RepositoryConfigurationDelegate:213 - Finished Spring Data repository scanning in 7 ms. Found 0 LDAP repository interfaces.
2026-09-13 17:25:01.419 INFO  RepositoryConfigurationDelegate:145 - Bootstrapping Spring Data LDAP repositories in DEFAULT mode.
2026-09-13 17:25:01.436 INFO  RepositoryConfigurationDelegate:213 - Finished Spring Data repository scanning in 15 ms. Found 0 LDAP repository interfaces.
2026-09-13 17:25:01.692 INFO  AbstractContextSource:419 - Property 'userDn' not set - anonymous context will be used for read-only operations
2026-09-13 17:25:01.716 INFO  DirsyncApplication:60 - Started DirsyncApplication in 1.06 seconds (process running for 1.846)
2026-09-13 17:25:01.817 INFO  RepositoryConfigurationDelegate:145 - Bootstrapping Spring Data LDAP repositories in DEFAULT mode.
2026-09-13 17:25:01.820 INFO  RepositoryConfigurationDelegate:213 - Finished Spring Data repository scanning in 1 ms. Found 0 LDAP repository interfaces.
2026-09-13 17:25:01.837 INFO  RepositoryConfigurationDelegate:145 - Bootstrapping Spring Data LDAP repositories in DEFAULT mode.
2026-09-13 17:25:01.845 INFO  RepositoryConfigurationDelegate:213 - Finished Spring Data repository scanning in 6 ms. Found 0 LDAP repository interfaces.
2026-09-13 17:25:01.895 INFO  AbstractContextSource:419 - Property 'userDn' not set - anonymous context will be used for read-only operations
2026-09-13 17:25:01.905 DEBUG LdapCacheService:50 - Entering com.ctg.innovic.cmmpdi.dirsync.service.CMMPDILdapCacheService.initCMMPDI
2026-09-13 17:25:01.905 INFO  LdapCacheService:52 - Initialising CMMP-DI users...
2026-09-13 17:25:01.906 DEBUG CMMPDILdapQueryService:50 - Entering com.ctg.innovic.cmmpdi.dirsync.service.CMMPDILdapQueryService.listUsers
2026-09-13 17:25:16.461 INFO  LdapCacheService:62 - 10271 user entries had been initialised...
2026-09-13 17:25:16.462 INFO  LdapCacheService:64 - Initialising CMMP-DI groups...
2026-09-13 17:25:16.462 DEBUG CMMPDILdapQueryService:68 - Entering com.ctg.innovic.cmmpdi.dirsync.service.CMMPDILdapQueryService.listGroups
2026-09-13 17:25:18.682 INFO  LdapCacheService:74 - 10032 group entries had been initialised...
2026-09-13 17:25:18.684 DEBUG CMMPDILdapGroupService:99 - Entering com.ctg.innovic.cmmpdi.dirsync.service.CMMPDILdapGroupService.getMemberListBasedOnCMMPOfDI
2026-09-13 17:25:18.686 DEBUG DirsyncApplication:126 - _name = CN=a1chanchansitcmmpdi,OU=User,OU=SITCHAN,OU=BDO,OU=CMMPDI-BDOs
2026-09-13 17:25:18.686 DEBUG DirsyncApplication:126 - _name = CN=revhohouatcmmpdi,OU=User,OU=UATHO,OU=BDO,OU=CMMPDI-BDOs
2026-09-13 17:25:18.687 DEBUG CMMPDILdapGroupService:131 - Group DN = CN=UATTestUATGroup00021,OU=Group,OU=UATBDOD,OU=BDO,OU=CMMPDI-BDOs
2026-09-13 17:25:18.687 DEBUG CMMPDILdapGroupService:144 - Remove attribute: member: CN=UATTestUATSSOUser00021,OU=User,OU=UATBDOD,OU=BDO,OU=CMMPDI-BDOs,dc=cmmp-di-test,dc=ctg
2026-09-13 17:25:19.235 DEBUG CMMPDILdapGroupService:144 - Remove attribute: member: CN=a1chanchansitcmmpdi,OU=User,OU=SITCHAN,OU=BDO,OU=CMMPDI-BDOs,dc=cmmp-di-test,dc=ctg
